Archive member included to satisfy reference by file (symbol)

c:/st/stm32cubeide_1.9.0/stm32cubeide/plugins/com.st.stm32cube.ide.mcu.externaltools.gnu-tools-for-stm32.10.3-2021.10.win32_1.0.0.202111181127/tools/bin/../lib/gcc/arm-none-eabi/10.3.1/../../../../arm-none-eabi/lib/thumb/v7e-m+dp/hard\libc_nano.a(lib_a-errno.o)
                              ./Core/Src/syscalls.o (__errno)
c:/st/stm32cubeide_1.9.0/stm32cubeide/plugins/com.st.stm32cube.ide.mcu.externaltools.gnu-tools-for-stm32.10.3-2021.10.win32_1.0.0.202111181127/tools/bin/../lib/gcc/arm-none-eabi/10.3.1/../../../../arm-none-eabi/lib/thumb/v7e-m+dp/hard\libc_nano.a(lib_a-exit.o)
                              c:/st/stm32cubeide_1.9.0/stm32cubeide/plugins/com.st.stm32cube.ide.mcu.externaltools.gnu-tools-for-stm32.10.3-2021.10.win32_1.0.0.202111181127/tools/bin/../lib/gcc/arm-none-eabi/10.3.1/../../../../arm-none-eabi/lib/thumb/v7e-m+dp/hard/crt0.o (exit)
c:/st/stm32cubeide_1.9.0/stm32cubeide/plugins/com.st.stm32cube.ide.mcu.externaltools.gnu-tools-for-stm32.10.3-2021.10.win32_1.0.0.202111181127/tools/bin/../lib/gcc/arm-none-eabi/10.3.1/../../../../arm-none-eabi/lib/thumb/v7e-m+dp/hard\libc_nano.a(lib_a-impure.o)
                              c:/st/stm32cubeide_1.9.0/stm32cubeide/plugins/com.st.stm32cube.ide.mcu.externaltools.gnu-tools-for-stm32.10.3-2021.10.win32_1.0.0.202111181127/tools/bin/../lib/gcc/arm-none-eabi/10.3.1/../../../../arm-none-eabi/lib/thumb/v7e-m+dp/hard\libc_nano.a(lib_a-exit.o) (_global_impure_ptr)
c:/st/stm32cubeide_1.9.0/stm32cubeide/plugins/com.st.stm32cube.ide.mcu.externaltools.gnu-tools-for-stm32.10.3-2021.10.win32_1.0.0.202111181127/tools/bin/../lib/gcc/arm-none-eabi/10.3.1/../../../../arm-none-eabi/lib/thumb/v7e-m+dp/hard\libc_nano.a(lib_a-init.o)
                              c:/st/stm32cubeide_1.9.0/stm32cubeide/plugins/com.st.stm32cube.ide.mcu.externaltools.gnu-tools-for-stm32.10.3-2021.10.win32_1.0.0.202111181127/tools/bin/../lib/gcc/arm-none-eabi/10.3.1/../../../../arm-none-eabi/lib/thumb/v7e-m+dp/hard/crt0.o (__libc_init_array)
c:/st/stm32cubeide_1.9.0/stm32cubeide/plugins/com.st.stm32cube.ide.mcu.externaltools.gnu-tools-for-stm32.10.3-2021.10.win32_1.0.0.202111181127/tools/bin/../lib/gcc/arm-none-eabi/10.3.1/../../../../arm-none-eabi/lib/thumb/v7e-m+dp/hard\libc_nano.a(lib_a-memset.o)
                              c:/st/stm32cubeide_1.9.0/stm32cubeide/plugins/com.st.stm32cube.ide.mcu.externaltools.gnu-tools-for-stm32.10.3-2021.10.win32_1.0.0.202111181127/tools/bin/../lib/gcc/arm-none-eabi/10.3.1/../../../../arm-none-eabi/lib/thumb/v7e-m+dp/hard/crt0.o (memset)
c:/st/stm32cubeide_1.9.0/stm32cubeide/plugins/com.st.stm32cube.ide.mcu.externaltools.gnu-tools-for-stm32.10.3-2021.10.win32_1.0.0.202111181127/tools/bin/../lib/gcc/arm-none-eabi/10.3.1/../../../../arm-none-eabi/lib/thumb/v7e-m+dp/hard\libc_nano.a(lib_a-strchr.o)
                              ./Core/Src/main.o (strchr)
c:/st/stm32cubeide_1.9.0/stm32cubeide/plugins/com.st.stm32cube.ide.mcu.externaltools.gnu-tools-for-stm32.10.3-2021.10.win32_1.0.0.202111181127/tools/bin/../lib/gcc/arm-none-eabi/10.3.1/../../../../arm-none-eabi/lib/thumb/v7e-m+dp/hard\libc_nano.a(lib_a-strcpy.o)
                              ./Core/Src/main.o (strcpy)
c:/st/stm32cubeide_1.9.0/stm32cubeide/plugins/com.st.stm32cube.ide.mcu.externaltools.gnu-tools-for-stm32.10.3-2021.10.win32_1.0.0.202111181127/tools/bin/../lib/gcc/arm-none-eabi/10.3.1/../../../../arm-none-eabi/lib/thumb/v7e-m+dp/hard\libc_nano.a(lib_a-strlen.o)
                              ./Core/Src/main.o (strlen)
c:/st/stm32cubeide_1.9.0/stm32cubeide/plugins/com.st.stm32cube.ide.mcu.externaltools.gnu-tools-for-stm32.10.3-2021.10.win32_1.0.0.202111181127/tools/bin/../lib/gcc/arm-none-eabi/10.3.1/../../../../arm-none-eabi/lib/thumb/v7e-m+dp/hard\libc_nano.a(lib_a-strncpy.o)
                              ./Core/Src/main.o (strncpy)
c:/st/stm32cubeide_1.9.0/stm32cubeide/plugins/com.st.stm32cube.ide.mcu.externaltools.gnu-tools-for-stm32.10.3-2021.10.win32_1.0.0.202111181127/tools/bin/../lib/gcc/arm-none-eabi/10.3.1/thumb/v7e-m+dp/hard\libgcc.a(_aeabi_uldivmod.o)
                              ./Drivers/STM32H7xx_HAL_Driver/Src/stm32h7xx_hal_uart.o (__aeabi_uldivmod)
c:/st/stm32cubeide_1.9.0/stm32cubeide/plugins/com.st.stm32cube.ide.mcu.externaltools.gnu-tools-for-stm32.10.3-2021.10.win32_1.0.0.202111181127/tools/bin/../lib/gcc/arm-none-eabi/10.3.1/thumb/v7e-m+dp/hard\libgcc.a(_udivmoddi4.o)
                              c:/st/stm32cubeide_1.9.0/stm32cubeide/plugins/com.st.stm32cube.ide.mcu.externaltools.gnu-tools-for-stm32.10.3-2021.10.win32_1.0.0.202111181127/tools/bin/../lib/gcc/arm-none-eabi/10.3.1/thumb/v7e-m+dp/hard\libgcc.a(_aeabi_uldivmod.o) (__udivmoddi4)
c:/st/stm32cubeide_1.9.0/stm32cubeide/plugins/com.st.stm32cube.ide.mcu.externaltools.gnu-tools-for-stm32.10.3-2021.10.win32_1.0.0.202111181127/tools/bin/../lib/gcc/arm-none-eabi/10.3.1/thumb/v7e-m+dp/hard\libgcc.a(_dvmd_tls.o)
[...]
Memory Configuration

Name             Origin             Length             Attributes
ITCMRAM          0x0000000000000000 0x0000000000010000 xrw
DTCMRAM          0x0000000020000000 0x0000000000020000 xrw
FLASH            0x0000000008000000 0x0000000000100000 xr
RAM_D1           0x0000000024000000 0x0000000000050000 xrw
RAM_D2           0x0000000030000000 0x0000000000008000 xrw
RAM_D3           0x0000000038000000 0x0000000000004000 xrw
*default*        0x0000000000000000 0xffffffffffffffff

Linker script and memory map

LOAD c:/st/stm32cubeide_1.9.0/stm32cubeide/plugins/com.st.stm32cube.ide.mcu.externaltools.gnu-tools-for-stm32.10.3-2021.10.win32_1.0.0.202111181127/tools/bin/../lib/gcc/arm-none-eabi/10.3.1/thumb/v7e-m+dp/hard/crti.o
LOAD c:/st/stm32cubeide_1.9.0/stm32cubeide/plugins/com.st.stm32cube.ide.mcu.externaltools.gnu-tools-for-stm32.10.3-2021.10.win32_1.0.0.202111181127/tools/bin/../lib/gcc/arm-none-eabi/10.3.1/thumb/v7e-m+dp/hard/crtbegin.o
LOAD c:/st/stm32cubeide_1.9.0/stm32cubeide/plugins/com.st.stm32cube.ide.mcu.externaltools.gnu-tools-for-stm32.10.3-2021.10.win32_1.0.0.202111181127/tools/bin/../lib/gcc/arm-none-eabi/10.3.1/../../../../arm-none-eabi/lib/thumb/v7e-m+dp/hard/crt0.o
LOAD ./Core/Src/main.o
LOAD ./Core/Src/stm32h7xx_hal_msp.o
LOAD ./Core/Src/stm32h7xx_it.o
LOAD ./Core/Src/syscalls.o
LOAD ./Core/Src/sysmem.o
LOAD ./Core/Src/system_stm32h7xx.o
LOAD ./Core/Startup/startup_stm32h723vgtx.o
LOAD ./Drivers/STM32H7xx_HAL_Driver/Src/stm32h7xx_hal.o
LOAD ./Drivers/STM32H7xx_HAL_Driver/Src/stm32h7xx_hal_cortex.o
LOAD ./Drivers/STM32H7xx_HAL_Driver/Src/stm32h7xx_hal_dma.o
LOAD ./Drivers/STM32H7xx_HAL_Driver/Src/stm32h7xx_hal_dma_ex.o
LOAD ./Drivers/STM32H7xx_HAL_Driver/Src/stm32h7xx_hal_exti.o
LOAD ./Drivers/STM32H7xx_HAL_Driver/Src/stm32h7xx_hal_flash.o
LOAD ./Drivers/STM32H7xx_HAL_Driver/Src/stm32h7xx_hal_flash_ex.o
LOAD ./Drivers/STM32H7xx_HAL_Driver/Src/stm32h7xx_hal_gpio.o
LOAD ./Drivers/STM32H7xx_HAL_Driver/Src/stm32h7xx_hal_hsem.o
LOAD ./Drivers/STM32H7xx_HAL_Driver/Src/stm32h7xx_hal_i2c.o
LOAD ./Drivers/STM32H7xx_HAL_Driver/Src/stm32h7xx_hal_i2c_ex.o
LOAD ./Drivers/STM32H7xx_HAL_Driver/Src/stm32h7xx_hal_mdma.o
LOAD ./Drivers/STM32H7xx_HAL_Driver/Src/stm32h7xx_hal_pwr.o
LOAD ./Drivers/STM32H7xx_HAL_Driver/Src/stm32h7xx_hal_pwr_ex.o
LOAD ./Drivers/STM32H7xx_HAL_Driver/Src/stm32h7xx_hal_rcc.o
LOAD ./Drivers/STM32H7xx_HAL_Driver/Src/stm32h7xx_hal_rcc_ex.o
LOAD ./Drivers/STM32H7xx_HAL_Driver/Src/stm32h7xx_hal_tim.o
LOAD ./Drivers/STM32H7xx_HAL_Driver/Src/stm32h7xx_hal_tim_ex.o
LOAD ./Drivers/STM32H7xx_HAL_Driver/Src/stm32h7xx_hal_uart.o
LOAD ./Drivers/STM32H7xx_HAL_Driver/Src/stm32h7xx_hal_uart_ex.o
START GROUP
LOAD c:/st/stm32cubeide_1.9.0/stm32cubeide/plugins/com.st.stm32cube.ide.mcu.externaltools.gnu-tools-for-stm32.10.3-2021.10.win32_1.0.0.202111181127/tools/bin/../lib/gcc/arm-none-eabi/10.3.1/../../../../arm-none-eabi/lib/thumb/v7e-m+dp/hard\libc_nano.a
LOAD c:/st/stm32cubeide_1.9.0/stm32cubeide/plugins/com.st.stm32cube.ide.mcu.externaltools.gnu-tools-for-stm32.10.3-2021.10.win32_1.0.0.202111181127/tools/bin/../lib/gcc/arm-none-eabi/10.3.1/../../../../arm-none-eabi/lib/thumb/v7e-m+dp/hard\libm.a
END GROUP
START GROUP
LOAD c:/st/stm32cubeide_1.9.0/stm32cubeide/plugins/com.st.stm32cube.ide.mcu.externaltools.gnu-tools-for-stm32.10.3-2021.10.win32_1.0.0.202111181127/tools/bin/../lib/gcc/arm-none-eabi/10.3.1/thumb/v7e-m+dp/hard\libgcc.a
LOAD c:/st/stm32cubeide_1.9.0/stm32cubeide/plugins/com.st.stm32cube.ide.mcu.externaltools.gnu-tools-for-stm32.10.3-2021.10.win32_1.0.0.202111181127/tools/bin/../lib/gcc/arm-none-eabi/10.3.1/../../../../arm-none-eabi/lib/thumb/v7e-m+dp/hard\libc_nano.a
END GROUP
START GROUP
LOAD c:/st/stm32cubeide_1.9.0/stm32cubeide/plugins/com.st.stm32cube.ide.mcu.externaltools.gnu-tools-for-stm32.10.3-2021.10.win32_1.0.0.202111181127/tools/bin/../lib/gcc/arm-none-eabi/10.3.1/thumb/v7e-m+dp/hard\libgcc.a
LOAD c:/st/stm32cubeide_1.9.0/stm32cubeide/plugins/com.st.stm32cube.ide.mcu.externaltools.gnu-tools-for-stm32.10.3-2021.10.win32_1.0.0.202111181127/tools/bin/../lib/gcc/arm-none-eabi/10.3.1/../../../../arm-none-eabi/lib/thumb/v7e-m+dp/hard\libc_nano.a
LOAD c:/st/stm32cubeide_1.9.0/stm32cubeide/plugins/com.st.stm32cube.ide.mcu.externaltools.gnu-tools-for-stm32.10.3-2021.10.win32_1.0.0.202111181127/tools/bin/../lib/gcc/arm-none-eabi/10.3.1/../../../../arm-none-eabi/lib/thumb/v7e-m+dp/hard\libnosys.a
END GROUP
START GROUP
LOAD c:/st/stm32cubeide_1.9.0/stm32cubeide/plugins/com.st.stm32cube.ide.mcu.externaltools.gnu-tools-for-stm32.10.3-2021.10.win32_1.0.0.202111181127/tools/bin/../lib/gcc/arm-none-eabi/10.3.1/thumb/v7e-m+dp/hard\libgcc.a
LOAD c:/st/stm32cubeide_1.9.0/stm32cubeide/plugins/com.st.stm32cube.ide.mcu.externaltools.gnu-tools-for-stm32.10.3-2021.10.win32_1.0.0.202111181127/tools/bin/../lib/gcc/arm-none-eabi/10.3.1/../../../../arm-none-eabi/lib/thumb/v7e-m+dp/hard\libc_nano.a
LOAD c:/st/stm32cubeide_1.9.0/stm32cubeide/plugins/com.st.stm32cube.ide.mcu.externaltools.gnu-tools-for-stm32.10.3-2021.10.win32_1.0.0.202111181127/tools/bin/../lib/gcc/arm-none-eabi/10.3.1/../../../../arm-none-eabi/lib/thumb/v7e-m+dp/hard\libnosys.a
END GROUP
LOAD c:/st/stm32cubeide_1.9.0/stm32cubeide/plugins/com.st.stm32cube.ide.mcu.externaltools.gnu-tools-for-stm32.10.3-2021.10.win32_1.0.0.202111181127/tools/bin/../lib/gcc/arm-none-eabi/10.3.1/thumb/v7e-m+dp/hard/crtend.o
LOAD c:/st/stm32cubeide_1.9.0/stm32cubeide/plugins/com.st.stm32cube.ide.mcu.externaltools.gnu-tools-for-stm32.10.3-2021.10.win32_1.0.0.202111181127/tools/bin/../lib/gcc/arm-none-eabi/10.3.1/thumb/v7e-m+dp/hard/crtn.o
                0x0000000024050000                _estack = (ORIGIN (RAM_D1) + LENGTH (RAM_D1))
                0x0000000000000200                _Min_Heap_Size = 0x200
                0x0000000000000400                _Min_Stack_Size = 0x400

.isr_vector     0x0000000008000000      0x2cc
                0x0000000008000000                . = ALIGN (0x4)
 *(.isr_vector)
 .isr_vector    0x0000000008000000      0x2cc ./Core/Startup/startup_stm32h723vgtx.o
                0x0000000008000000                g_pfnVectors
                0x00000000080002cc                . = ALIGN (0x4)

.text           0x00000000080002d0     0x9b78
                0x00000000080002d0                . = ALIGN (0x4)
 *(.text)
 .text          0x00000000080002d0       0x40 c:/st/stm32cubeide_1.9.0/stm32cubeide/plugins/com.st.stm32cube.ide.mcu.externaltools.gnu-tools-for-stm32.10.3-2021.10.win32_1.0.0.202111181127/tools/bin/../lib/gcc/arm-none-eabi/10.3.1/thumb/v7e-m+dp/hard/crtbegin.o
 .text          0x0000000008000310       0x10 c:/st/stm32cubeide_1.9.0/stm32cubeide/plugins/com.st.stm32cube.ide.mcu.externaltools.gnu-tools-for-stm32.10.3-2021.10.win32_1.0.0.202111181127/tools/bin/../lib/gcc/arm-none-eabi/10.3.1/../../../../arm-none-eabi/lib/thumb/v7e-m+dp/hard\libc_nano.a(lib_a-strlen.o)
                0x0000000008000310                strlen
 .text          0x0000000008000320       0x30 c:/st/stm32cubeide_1.9.0/stm32cubeide/plugins/com.st.stm32cube.ide.mcu.externaltools.gnu-tools-for-stm32.10.3-2021.10.win32_1.0.0.202111181127/tools/bin/../lib/gcc/arm-none-eabi/10.3.1/thumb/v7e-m+dp/hard\libgcc.a(_aeabi_uldivmod.o)
                0x0000000008000320                __aeabi_uldivmod
 .text          0x0000000008000350      0x2d0 c:/st/stm32cubeide_1.9.0/stm32cubeide/plugins/com.st.stm32cube.ide.mcu.externaltools.gnu-tools-for-stm32.10.3-2021.10.win32_1.0.0.202111181127/tools/bin/../lib/gcc/arm-none-eabi/10.3.1/thumb/v7e-m+dp/hard\libgcc.a(_udivmoddi4.o)
                0x0000000008000350                __udivmoddi4
 .text          0x0000000008000620        0x4 c:/st/stm32cubeide_1.9.0/stm32cubeide/plugins/com.st.stm32cube.ide.mcu.externaltools.gnu-tools-for-stm32.10.3-2021.10.win32_1.0.0.202111181127/tools/bin/../lib/gcc/arm-none-eabi/10.3.1/thumb/v7e-m+dp/hard\libgcc.a(_dvmd_tls.o)
                0x0000000008000620                __aeabi_idiv0
                0x0000000008000620                __aeabi_ldiv0
 *(.text*)
 .text.HAL_GPIO_EXTI_Callback
                0x0000000008000624       0x3c ./Core/Src/main.o
                0x0000000008000624                HAL_GPIO_EXTI_Callback
 .text.main     0x0000000008000660       0xe8 ./Core/Src/main.o
                0x0000000008000660                main
 .text.SystemClock_Config
                0x0000000008000748       0xc0 ./Core/Src/main.o
                0x0000000008000748                SystemClock_Config
 .text.MX_TIM1_Init
                0x0000000008000808      0x138 ./Core/Src/main.o
 .text.MX_USART1_UART_Init
                0x0000000008000940       0x98 ./Core/Src/main.o
 .text.MX_USART3_UART_Init
                0x00000000080009d8       0x98 ./Core/Src/main.o
 .text.MX_DMA_Init
                0x0000000008000a70       0x70 ./Core/Src/main.o
 .text.MX_GPIO_Init
                0x0000000008000ae0      0x190 ./Core/Src/main.o
 .text.HAL_UART_RxCpltCallback
                0x0000000008000c70       0x84 ./Core/Src/main.o
                0x0000000008000c70                HAL_UART_RxCpltCallback
 .text.processBuffer
                0x0000000008000cf4       0xe0 ./Core/Src/main.o
                0x0000000008000cf4                processBuffer
 .text.A4988_Setup
                0x0000000008000dd4       0x38 ./Core/Src/main.o
                0x0000000008000dd4                A4988_Setup
 *fill*         0x0000000008000e0c        0x4 
 .text.mover_motorq1
                0x0000000008000e10       0xf8 ./Core/Src/main.o
                0x0000000008000e10                mover_motorq1
 .text.Error_Handler
                0x0000000008000f08        0xa ./Core/Src/main.o
                0x0000000008000f08                Error_Handler
 *fill*         0x0000000008000f12        0x2 
 .text.HAL_MspInit
                0x0000000008000f14       0x34 ./Core/Src/stm32h7xx_hal_msp.o
                0x0000000008000f14                HAL_MspInit
 .text.HAL_TIM_PWM_MspInit
                0x0000000008000f48       0x44 ./Core/Src/stm32h7xx_hal_msp.o
                0x0000000008000f48                HAL_TIM_PWM_MspInit
 .text.HAL_TIM_MspPostInit
                0x0000000008000f8c       0x78 ./Core/Src/stm32h7xx_hal_msp.o
                0x0000000008000f8c                HAL_TIM_MspPostInit
 .text.HAL_UART_MspInit
                0x0000000008001004      0x30c ./Core/Src/stm32h7xx_hal_msp.o
                0x0000000008001004                HAL_UART_MspInit
 .text.NMI_Handler
                0x0000000008001310        0x6 ./Core/Src/stm32h7xx_it.o
                0x0000000008001310                NMI_Handler
 .text.HardFault_Handler
                0x0000000008001316        0x6 ./Core/Src/stm32h7xx_it.o
                0x0000000008001316                HardFault_Handler
 .text.MemManage_Handler
                0x000000000800131c        0x6 ./Core/Src/stm32h7xx_it.o
                0x000000000800131c                MemManage_Handler
 .text.BusFault_Handler
                0x0000000008001322        0x6 ./Core/Src/stm32h7xx_it.o
                0x0000000008001322                BusFault_Handler
 .text.UsageFault_Handler
                0x0000000008001328        0x6 ./Core/Src/stm32h7xx_it.o
                0x0000000008001328                UsageFault_Handler
 .text.SVC_Handler
                0x000000000800132e        0xe ./Core/Src/stm32h7xx_it.o
                0x000000000800132e                SVC_Handler
 .text.DebugMon_Handler
                0x000000000800133c        0xe ./Core/Src/stm32h7xx_it.o
                0x000000000800133c                DebugMon_Handler
 .text.PendSV_Handler
                0x000000000800134a        0xe ./Core/Src/stm32h7xx_it.o
                0x000000000800134a                PendSV_Handler
 .text.SysTick_Handler
                0x0000000008001358        0xc ./Core/Src/stm32h7xx_it.o
                0x0000000008001358                SysTick_Handler
 .text.DMA1_Stream0_IRQHandler
                0x0000000008001364       0x14 ./Core/Src/stm32h7xx_it.o
                0x0000000008001364                DMA1_Stream0_IRQHandler
 .text.DMA1_Stream1_IRQHandler
                0x0000000008001378       0x14 ./Core/Src/stm32h7xx_it.o
                0x0000000008001378                DMA1_Stream1_IRQHandler
 .text.DMA1_Stream2_IRQHandler
                0x000000000800138c       0x14 ./Core/Src/stm32h7xx_it.o
                0x000000000800138c                DMA1_Stream2_IRQHandler
 .text.DMA1_Stream3_IRQHandler
                0x00000000080013a0       0x14 ./Core/Src/stm32h7xx_it.o
                0x00000000080013a0                DMA1_Stream3_IRQHandler
 .text.USART1_IRQHandler
                0x00000000080013b4       0x14 ./Core/Src/stm32h7xx_it.o
                0x00000000080013b4                USART1_IRQHandler
 .text.USART3_IRQHandler
                0x00000000080013c8       0x14 ./Core/Src/stm32h7xx_it.o
                0x00000000080013c8                USART3_IRQHandler
 .text.EXTI15_10_IRQHandler
                0x00000000080013dc       0x18 ./Core/Src/stm32h7xx_it.o
                0x00000000080013dc                EXTI15_10_IRQHandler
 .text.SystemInit
                0x00000000080013f4       0xf0 ./Core/Src/system_stm32h7xx.o
                0x00000000080013f4                SystemInit
 .text.Reset_Handler
                0x00000000080014e4       0x50 ./Core/Startup/startup_stm32h723vgtx.o
                0x00000000080014e4                Reset_Handler
 .text.Default_Handler
                0x0000000008001534        0x2 ./Core/Startup/startup_stm32h723vgtx.o
                0x0000000008001534                RTC_Alarm_IRQHandler
                0x0000000008001534                EXTI2_IRQHandler
                0x0000000008001534                TIM8_CC_IRQHandler
                0x0000000008001534                UART8_IRQHandler
                0x0000000008001534                SPI4_IRQHandler
                0x0000000008001534                FDCAN3_IT0_IRQHandler
                0x0000000008001534                TIM1_CC_IRQHandler
                0x0000000008001534                BDMA_Channel6_IRQHandler
                0x0000000008001534                DMA2_Stream5_IRQHandler
                0x0000000008001534                DMA1_Stream5_IRQHandler
                0x0000000008001534                CORDIC_IRQHandler
                0x0000000008001534                BDMA_Channel1_IRQHandler
                0x0000000008001534                TAMP_STAMP_IRQHandler
                0x0000000008001534                EXTI3_IRQHandler
                0x0000000008001534                LPTIM4_IRQHandler
                0x0000000008001534                TIM8_TRG_COM_TIM14_IRQHandler
                0x0000000008001534                LPTIM2_IRQHandler
                0x0000000008001534                DFSDM1_FLT1_IRQHandler
                0x0000000008001534                DMAMUX2_OVR_IRQHandler
                0x0000000008001534                TIM8_UP_TIM13_IRQHandler
                0x0000000008001534                I2C3_ER_IRQHandler
                0x0000000008001534                DFSDM1_FLT2_IRQHandler
                0x0000000008001534                I2C5_EV_IRQHandler
                0x0000000008001534                USART10_IRQHandler
                0x0000000008001534                MDMA_IRQHandler
                0x0000000008001534                LPTIM3_IRQHandler
                0x0000000008001534                HSEM1_IRQHandler
                0x0000000008001534                EXTI0_IRQHandler
                0x0000000008001534                I2C2_EV_IRQHandler
                0x0000000008001534                FPU_IRQHandler
                0x0000000008001534                OTG_HS_WKUP_IRQHandler
                0x0000000008001534                FDCAN1_IT1_IRQHandler
                0x0000000008001534                LTDC_ER_IRQHandler
                0x0000000008001534                DMA2_Stream2_IRQHandler
                0x0000000008001534                SPI1_IRQHandler
                0x0000000008001534                OCTOSPI1_IRQHandler
                0x0000000008001534                TIM6_DAC_IRQHandler
                0x0000000008001534                DMA2_Stream3_IRQHandler
                0x0000000008001534                OCTOSPI2_IRQHandler
                0x0000000008001534                DFSDM1_FLT3_IRQHandler
                0x0000000008001534                TIM23_IRQHandler
                0x0000000008001534                USART6_IRQHandler
                0x0000000008001534                TIM17_IRQHandler
                0x0000000008001534                BDMA_Channel7_IRQHandler
                0x0000000008001534                LPTIM5_IRQHandler
                0x0000000008001534                UART5_IRQHandler
                0x0000000008001534                ADC3_IRQHandler
                0x0000000008001534                DMA2_Stream0_IRQHandler
                0x0000000008001534                TIM4_IRQHandler
                0x0000000008001534                BDMA_Channel2_IRQHandler
                0x0000000008001534                I2C1_EV_IRQHandler
                0x0000000008001534                DMA1_Stream6_IRQHandler
                0x0000000008001534                DMAMUX1_OVR_IRQHandler
                0x0000000008001534                TIM16_IRQHandler
                0x0000000008001534                UART4_IRQHandler
                0x0000000008001534                BDMA_Channel5_IRQHandler
                0x0000000008001534                TIM3_IRQHandler
                0x0000000008001534                RCC_IRQHandler
                0x0000000008001534                UART9_IRQHandler
                0x0000000008001534                TIM8_BRK_TIM12_IRQHandler
                0x0000000008001534                TIM1_TRG_COM_IRQHandler
                0x0000000008001534                Default_Handler
                0x0000000008001534                ECC_IRQHandler
                0x0000000008001534                FMAC_IRQHandler
                0x0000000008001534                CEC_IRQHandler
                0x0000000008001534                BDMA_Channel0_IRQHandler
                0x0000000008001534                ADC_IRQHandler
                0x0000000008001534                I2C5_ER_IRQHandler
                0x0000000008001534                DMA1_Stream7_IRQHandler
                0x0000000008001534                SPI5_IRQHandler
                0x0000000008001534                TIM7_IRQHandler
                0x0000000008001534                FDCAN3_IT1_IRQHandler
                0x0000000008001534                SDMMC1_IRQHandler
                0x0000000008001534                TIM5_IRQHandler
                0x0000000008001534                DMA2_Stream7_IRQHandler
                0x0000000008001534                TIM15_IRQHandler
                0x0000000008001534                PVD_AVD_IRQHandler
                0x0000000008001534                I2C3_EV_IRQHandler
                0x0000000008001534                EXTI9_5_IRQHandler
                0x0000000008001534                RTC_WKUP_IRQHandler
                0x0000000008001534                LTDC_IRQHandler
                0x0000000008001534                ETH_WKUP_IRQHandler
                0x0000000008001534                SPDIF_RX_IRQHandler
                0x0000000008001534                SPI2_IRQHandler
                0x0000000008001534                OTG_HS_EP1_IN_IRQHandler
                0x0000000008001534                TIM24_IRQHandler
                0x0000000008001534                CRS_IRQHandler
                0x0000000008001534                EXTI4_IRQHandler
                0x0000000008001534                RNG_IRQHandler
                0x0000000008001534                FDCAN2_IT1_IRQHandler
                0x0000000008001534                ETH_IRQHandler
                0x0000000008001534                TIM1_UP_IRQHandler
                0x0000000008001534                BDMA_Channel4_IRQHandler
                0x0000000008001534                OTG_HS_EP1_OUT_IRQHandler
                0x0000000008001534                WWDG_IRQHandler
                0x0000000008001534                SPI6_IRQHandler
                0x0000000008001534                MDIOS_IRQHandler
                0x0000000008001534                I2C4_EV_IRQHandler
                0x0000000008001534                FDCAN2_IT0_IRQHandler
                0x0000000008001534                LPUART1_IRQHandler
                0x0000000008001534                FDCAN1_IT0_IRQHandler
                0x0000000008001534                TIM2_IRQHandler
                0x0000000008001534                OTG_HS_IRQHandler
                0x0000000008001534                DMA2D_IRQHandler
                0x0000000008001534                TIM1_BRK_IRQHandler
                0x0000000008001534                EXTI1_IRQHandler
                0x0000000008001534                SDMMC2_IRQHandler
                0x0000000008001534                BDMA_Channel3_IRQHandler
                0x0000000008001534                DTS_IRQHandler
                0x0000000008001534                UART7_IRQHandler
                0x0000000008001534                MDIOS_WKUP_IRQHandler
                0x0000000008001534                USART2_IRQHandler
                0x0000000008001534                DFSDM1_FLT0_IRQHandler
                0x0000000008001534                SAI4_IRQHandler
                0x0000000008001534                I2C2_ER_IRQHandler
                0x0000000008001534                DMA2_Stream1_IRQHandler
                0x0000000008001534                FLASH_IRQHandler
                0x0000000008001534                DMA2_Stream4_IRQHandler
                0x0000000008001534                SPI3_IRQHandler
                0x0000000008001534                WAKEUP_PIN_IRQHandler
                0x0000000008001534                DMA1_Stream4_IRQHandler
                0x0000000008001534                I2C1_ER_IRQHandler
                0x0000000008001534                FMC_IRQHandler
                0x0000000008001534                FDCAN_CAL_IRQHandler
                0x0000000008001534                SWPMI1_IRQHandler
                0x0000000008001534                COMP1_IRQHandler
                0x0000000008001534                LPTIM1_IRQHandler
                0x0000000008001534                DCMI_PSSI_IRQHandler
                0x0000000008001534                I2C4_ER_IRQHandler
                0x0000000008001534                DMA2_Stream6_IRQHandler
                0x0000000008001534                SAI1_IRQHandler
 *fill*         0x0000000008001536        0x2 
 .text.HAL_Init
                0x0000000008001538       0x78 ./Drivers/STM32H7xx_HAL_Driver/Src/stm32h7xx_hal.o
                0x0000000008001538                HAL_Init
 .text.HAL_InitTick
                0x00000000080015b0       0x6c ./Drivers/STM32H7xx_HAL_Driver/Src/stm32h7xx_hal.o
                0x00000000080015b0                HAL_InitTick
 .text.HAL_IncTick
                0x000000000800161c       0x28 ./Drivers/STM32H7xx_HAL_Driver/Src/stm32h7xx_hal.o
                0x000000000800161c                HAL_IncTick
 .text.HAL_GetTick
                0x0000000008001644       0x18 ./Drivers/STM32H7xx_HAL_Driver/Src/stm32h7xx_hal.o
                0x0000000008001644                HAL_GetTick
 .text.HAL_Delay
                0x000000000800165c       0x48 ./Drivers/STM32H7xx_HAL_Driver/Src/stm32h7xx_hal.o
                0x000000000800165c                HAL_Delay
 .text.__NVIC_SetPriorityGrouping
                0x00000000080016a4       0x48 ./Drivers/STM32H7xx_HAL_Driver/Src/stm32h7xx_hal_cortex.o
 .text.__NVIC_GetPriorityGrouping
                0x00000000080016ec       0x1c ./Drivers/STM32H7xx_HAL_Driver/Src/stm32h7xx_hal_cortex.o
 .text.__NVIC_EnableIRQ
                0x0000000008001708       0x3c ./Drivers/STM32H7xx_HAL_Driver/Src/stm32h7xx_hal_cortex.o
 .text.__NVIC_SetPriority
                0x0000000008001744       0x54 ./Drivers/STM32H7xx_HAL_Driver/Src/stm32h7xx_hal_cortex.o
 .text.NVIC_EncodePriority
                0x0000000008001798       0x66 ./Drivers/STM32H7xx_HAL_Driver/Src/stm32h7xx_hal_cortex.o
 *fill*         0x00000000080017fe        0x2 
 .text.SysTick_Config
                0x0000000008001800       0x44 ./Drivers/STM32H7xx_HAL_Driver/Src/stm32h7xx_hal_cortex.o
 .text.HAL_NVIC_SetPriorityGrouping
                0x0000000008001844       0x16 ./Drivers/STM32H7xx_HAL_Driver/Src/stm32h7xx_hal_cortex.o
                0x0000000008001844                HAL_NVIC_SetPriorityGrouping
 .text.HAL_NVIC_SetPriority
                0x000000000800185a       0x34 ./Drivers/STM32H7xx_HAL_Driver/Src/stm32h7xx_hal_cortex.o
                0x000000000800185a                HAL_NVIC_SetPriority
 .text.HAL_NVIC_EnableIRQ
                0x000000000800188e       0x1c ./Drivers/STM32H7xx_HAL_Driver/Src/stm32h7xx_hal_cortex.o
                0x000000000800188e                HAL_NVIC_EnableIRQ
 .text.HAL_SYSTICK_Config
                0x00000000080018aa       0x18 ./Drivers/STM32H7xx_HAL_Driver/Src/stm32h7xx_hal_cortex.o
                0x00000000080018aa                HAL_SYSTICK_Config
 *fill*         0x00000000080018c2        0x2 
 .text.HAL_DMA_Init
                0x00000000080018c4      0x6b4 ./Drivers/STM32H7xx_HAL_Driver/Src/stm32h7xx_hal_dma.o
                0x00000000080018c4                HAL_DMA_Init
 .text.HAL_DMA_Abort
                0x0000000008001f78      0x63c ./Drivers/STM32H7xx_HAL_Driver/Src/stm32h7xx_hal_dma.o
                0x0000000008001f78                HAL_DMA_Abort
 .text.HAL_DMA_Abort_IT
                0x00000000080025b4      0x48c ./Drivers/STM32H7xx_HAL_Driver/Src/stm32h7xx_hal_dma.o
                0x00000000080025b4                HAL_DMA_Abort_IT
 .text.HAL_DMA_IRQHandler
                0x0000000008002a40      0xe54 ./Drivers/STM32H7xx_HAL_Driver/Src/stm32h7xx_hal_dma.o
                0x0000000008002a40                HAL_DMA_IRQHandler
 .text.DMA_CalcBaseAndBitshift
                0x0000000008003894      0x164 ./Drivers/STM32H7xx_HAL_Driver/Src/stm32h7xx_hal_dma.o
 .text.DMA_CheckFifoParam
                0x00000000080039f8       0xf8 ./Drivers/STM32H7xx_HAL_Driver/Src/stm32h7xx_hal_dma.o
 .text.DMA_CalcDMAMUXChannelBaseAndMask
                0x0000000008003af0      0x134 ./Drivers/STM32H7xx_HAL_Driver/Src/stm32h7xx_hal_dma.o
 .text.DMA_CalcDMAMUXRequestGenBaseAndMask
                0x0000000008003c24       0xe8 ./Drivers/STM32H7xx_HAL_Driver/Src/stm32h7xx_hal_dma.o
 .text.HAL_GPIO_Init
                0x0000000008003d0c      0x350 ./Drivers/STM32H7xx_HAL_Driver/Src/stm32h7xx_hal_gpio.o
                0x0000000008003d0c                HAL_GPIO_Init
 .text.HAL_GPIO_WritePin
                0x000000000800405c       0x32 ./Drivers/STM32H7xx_HAL_Driver/Src/stm32h7xx_hal_gpio.o
                0x000000000800405c                HAL_GPIO_WritePin
 .text.HAL_GPIO_EXTI_IRQHandler
                0x000000000800408e       0x34 ./Drivers/STM32H7xx_HAL_Driver/Src/stm32h7xx_hal_gpio.o
                0x000000000800408e                HAL_GPIO_EXTI_IRQHandler
 *fill*         0x00000000080040c2        0x2 
 .text.HAL_PWREx_ConfigSupply
                0x00000000080040c4       0x74 ./Drivers/STM32H7xx_HAL_Driver/Src/stm32h7xx_hal_pwr_ex.o
                0x00000000080040c4                HAL_PWREx_ConfigSupply
 .text.HAL_RCC_OscConfig
                0x0000000008004138      0x75c ./Drivers/STM32H7xx_HAL_Driver/Src/stm32h7xx_hal_rcc.o
                0x0000000008004138                HAL_RCC_OscConfig
 .text.HAL_RCC_ClockConfig
                0x0000000008004894      0x36c ./Drivers/STM32H7xx_HAL_Driver/Src/stm32h7xx_hal_rcc.o
                0x0000000008004894                HAL_RCC_ClockConfig
 .text.HAL_RCC_GetSysClockFreq
                0x0000000008004c00      0x2f4 ./Drivers/STM32H7xx_HAL_Driver/Src/stm32h7xx_hal_rcc.o
                0x0000000008004c00                HAL_RCC_GetSysClockFreq
 .text.HAL_RCC_GetHCLKFreq
                0x0000000008004ef4       0x60 ./Drivers/STM32H7xx_HAL_Driver/Src/stm32h7xx_hal_rcc.o
                0x0000000008004ef4                HAL_RCC_GetHCLKFreq
 .text.HAL_RCC_GetPCLK1Freq
                0x0000000008004f54       0x2c ./Drivers/STM32H7xx_HAL_Driver/Src/stm32h7xx_hal_rcc.o
                0x0000000008004f54                HAL_RCC_GetPCLK1Freq
 .text.HAL_RCC_GetPCLK2Freq
                0x0000000008004f80       0x2c ./Drivers/STM32H7xx_HAL_Driver/Src/stm32h7xx_hal_rcc.o
                0x0000000008004f80                HAL_RCC_GetPCLK2Freq
 .text.HAL_RCCEx_PeriphCLKConfig
                0x0000000008004fac      0xdf4 ./Drivers/STM32H7xx_HAL_Driver/Src/stm32h7xx_hal_rcc_ex.o
                0x0000000008004fac                HAL_RCCEx_PeriphCLKConfig
 .text.HAL_RCCEx_GetD3PCLK1Freq
                0x0000000008005da0       0x2c ./Drivers/STM32H7xx_HAL_Driver/Src/stm32h7xx_hal_rcc_ex.o
                0x0000000008005da0                HAL_RCCEx_GetD3PCLK1Freq
 .text.HAL_RCCEx_GetPLL2ClockFreq
                0x0000000008005dcc      0x2a8 ./Drivers/STM32H7xx_HAL_Driver/Src/stm32h7xx_hal_rcc_ex.o
                0x0000000008005dcc                HAL_RCCEx_GetPLL2ClockFreq
 .text.HAL_RCCEx_GetPLL3ClockFreq
                0x0000000008006074      0x2a8 ./Drivers/STM32H7xx_HAL_Driver/Src/stm32h7xx_hal_rcc_ex.o
                0x0000000008006074                HAL_RCCEx_GetPLL3ClockFreq
 .text.RCCEx_PLL2_Config
                0x000000000800631c      0x164 ./Drivers/STM32H7xx_HAL_Driver/Src/stm32h7xx_hal_rcc_ex.o
 .text.RCCEx_PLL3_Config
                0x0000000008006480      0x164 ./Drivers/STM32H7xx_HAL_Driver/Src/stm32h7xx_hal_rcc_ex.o
 .text.HAL_TIM_PWM_Init
                0x00000000080065e4       0xae ./Drivers/STM32H7xx_HAL_Driver/Src/stm32h7xx_hal_tim.o
                0x00000000080065e4                HAL_TIM_PWM_Init
 *fill*         0x0000000008006692        0x2 
 .text.HAL_TIM_PWM_Start
                0x0000000008006694      0x238 ./Drivers/STM32H7xx_HAL_Driver/Src/stm32h7xx_hal_tim.o
                0x0000000008006694                HAL_TIM_PWM_Start
 .text.HAL_TIM_PWM_ConfigChannel
                0x00000000080068cc      0x228 ./Drivers/STM32H7xx_HAL_Driver/Src/stm32h7xx_hal_tim.o
                0x00000000080068cc                HAL_TIM_PWM_ConfigChannel
 .text.TIM_Base_SetConfig
                0x0000000008006af4      0x14c ./Drivers/STM32H7xx_HAL_Driver/Src/stm32h7xx_hal_tim.o
                0x0000000008006af4                TIM_Base_SetConfig
 .text.TIM_OC1_SetConfig
                0x0000000008006c40      0x120 ./Drivers/STM32H7xx_HAL_Driver/Src/stm32h7xx_hal_tim.o
 .text.TIM_OC2_SetConfig
                0x0000000008006d60      0x114 ./Drivers/STM32H7xx_HAL_Driver/Src/stm32h7xx_hal_tim.o
                0x0000000008006d60                TIM_OC2_SetConfig
 .text.TIM_OC3_SetConfig
                0x0000000008006e74      0x110 ./Drivers/STM32H7xx_HAL_Driver/Src/stm32h7xx_hal_tim.o
 .text.TIM_OC4_SetConfig
                0x0000000008006f84       0xd4 ./Drivers/STM32H7xx_HAL_Driver/Src/stm32h7xx_hal_tim.o
 .text.TIM_OC5_SetConfig
                0x0000000008007058       0xc8 ./Drivers/STM32H7xx_HAL_Driver/Src/stm32h7xx_hal_tim.o
 .text.TIM_OC6_SetConfig
                0x0000000008007120       0xcc ./Drivers/STM32H7xx_HAL_Driver/Src/stm32h7xx_hal_tim.o
 .text.TIM_CCxChannelCmd
                0x00000000080071ec       0x4a ./Drivers/STM32H7xx_HAL_Driver/Src/stm32h7xx_hal_tim.o
                0x00000000080071ec                TIM_CCxChannelCmd
 *fill*         0x0000000008007236        0x2 
 .text.HAL_TIMEx_MasterConfigSynchronization
                0x0000000008007238      0x138 ./Drivers/STM32H7xx_HAL_Driver/Src/stm32h7xx_hal_tim_ex.o
                0x0000000008007238                HAL_TIMEx_MasterConfigSynchronization
 .text.HAL_TIMEx_ConfigBreakDeadTime
                0x0000000008007370      0x140 ./Drivers/STM32H7xx_HAL_Driver/Src/stm32h7xx_hal_tim_ex.o
                0x0000000008007370                HAL_TIMEx_ConfigBreakDeadTime
 .text.HAL_UART_Init
                0x00000000080074b0       0xa0 ./Drivers/STM32H7xx_HAL_Driver/Src/stm32h7xx_hal_uart.o
                0x00000000080074b0                HAL_UART_Init
 .text.HAL_UART_Transmit
                0x0000000008007550      0x12c ./Drivers/STM32H7xx_HAL_Driver/Src/stm32h7xx_hal_uart.o
                0x0000000008007550                HAL_UART_Transmit
 .text.HAL_UART_Receive_IT
                0x000000000800767c       0xac ./Drivers/STM32H7xx_HAL_Driver/Src/stm32h7xx_hal_uart.o
                0x000000000800767c                HAL_UART_Receive_IT
 .text.HAL_UART_IRQHandler
                0x0000000008007728      0x73c ./Drivers/STM32H7xx_HAL_Driver/Src/stm32h7xx_hal_uart.o
                0x0000000008007728                HAL_UART_IRQHandler
 .text.HAL_UART_TxCpltCallback
                0x0000000008007e64       0x14 ./Drivers/STM32H7xx_HAL_Driver/Src/stm32h7xx_hal_uart.o
                0x0000000008007e64                HAL_UART_TxCpltCallback
 .text.HAL_UART_ErrorCallback
                0x0000000008007e78       0x14 ./Drivers/STM32H7xx_HAL_Driver/Src/stm32h7xx_hal_uart.o
                0x0000000008007e78                HAL_UART_ErrorCallback
 .text.HAL_UARTEx_RxEventCallback
                0x0000000008007e8c       0x18 ./Drivers/STM32H7xx_HAL_Driver/Src/stm32h7xx_hal_uart.o
                0x0000000008007e8c                HAL_UARTEx_RxEventCallback
 .text.UART_SetConfig
                0x0000000008007ea4      0xcd8 ./Drivers/STM32H7xx_HAL_Driver/Src/stm32h7xx_hal_uart.o
                0x0000000008007ea4                UART_SetConfig
 .text.UART_AdvFeatureConfig
                0x0000000008008b7c      0x144 ./Drivers/STM32H7xx_HAL_Driver/Src/stm32h7xx_hal_uart.o
                0x0000000008008b7c                UART_AdvFeatureConfig
 .text.UART_CheckIdleState
                0x0000000008008cc0       0x96 ./Drivers/STM32H7xx_HAL_Driver/Src/stm32h7xx_hal_uart.o
                0x0000000008008cc0                UART_CheckIdleState
 .text.UART_WaitOnFlagUntilTimeout
                0x0000000008008d56      0x190 ./Drivers/STM32H7xx_HAL_Driver/Src/stm32h7xx_hal_uart.o
                0x0000000008008d56                UART_WaitOnFlagUntilTimeout
 *fill*         0x0000000008008ee6        0x2 
 .text.UART_Start_Receive_IT
                0x0000000008008ee8      0x254 ./Drivers/STM32H7xx_HAL_Driver/Src/stm32h7xx_hal_uart.o
                0x0000000008008ee8                UART_Start_Receive_IT
 .text.UART_EndRxTransfer
                0x000000000800913c       0xcc ./Drivers/STM32H7xx_HAL_Driver/Src/stm32h7xx_hal_uart.o
 .text.UART_DMAAbortOnError
                0x0000000008009208       0x2c ./Drivers/STM32H7xx_HAL_Driver/Src/stm32h7xx_hal_uart.o
 .text.UART_EndTransmit_IT
                0x0000000008009234       0x56 ./Drivers/STM32H7xx_HAL_Driver/Src/stm32h7xx_hal_uart.o
 .text.UART_RxISR_8BIT
                0x000000000800928a      0x160 ./Drivers/STM32H7xx_HAL_Driver/Src/stm32h7xx_hal_uart.o
 .text.UART_RxISR_16BIT
                0x00000000080093ea      0x160 ./Drivers/STM32H7xx_HAL_Driver/Src/stm32h7xx_hal_uart.o
 *fill*         0x000000000800954a        0x2 
 .text.UART_RxISR_8BIT_FIFOEN
                0x000000000800954c      0x2f8 ./Drivers/STM32H7xx_HAL_Driver/Src/stm32h7xx_hal_uart.o
 .text.UART_RxISR_16BIT_FIFOEN
                0x0000000008009844      0x300 ./Drivers/STM32H7xx_HAL_Driver/Src/stm32h7xx_hal_uart.o
 .text.HAL_UARTEx_WakeupCallback
                0x0000000008009b44       0x14 ./Drivers/STM32H7xx_HAL_Driver/Src/stm32h7xx_hal_uart_ex.o
                0x0000000008009b44                HAL_UARTEx_WakeupCallback
 .text.HAL_UARTEx_RxFifoFullCallback
                0x0000000008009b58       0x14 ./Drivers/STM32H7xx_HAL_Driver/Src/stm32h7xx_hal_uart_ex.o
                0x0000000008009b58                HAL_UARTEx_RxFifoFullCallback
 .text.HAL_UARTEx_TxFifoEmptyCallback
                0x0000000008009b6c       0x14 ./Drivers/STM32H7xx_HAL_Driver/Src/stm32h7xx_hal_uart_ex.o
                0x0000000008009b6c                HAL_UARTEx_TxFifoEmptyCallback
 .text.HAL_UARTEx_DisableFifoMode
                0x0000000008009b80       0x72 ./Drivers/STM32H7xx_HAL_Driver/Src/stm32h7xx_hal_uart_ex.o
                0x0000000008009b80                HAL_UARTEx_DisableFifoMode
 .text.HAL_UARTEx_SetTxFifoThreshold
                0x0000000008009bf2       0x7c ./Drivers/STM32H7xx_HAL_Driver/Src/stm32h7xx_hal_uart_ex.o
                0x0000000008009bf2                HAL_UARTEx_SetTxFifoThreshold
 .text.HAL_UARTEx_SetRxFifoThreshold
                0x0000000008009c6e       0x7c ./Drivers/STM32H7xx_HAL_Driver/Src/stm32h7xx_hal_uart_ex.o
                0x0000000008009c6e                HAL_UARTEx_SetRxFifoThreshold
 *fill*         0x0000000008009cea        0x2 
 .text.UARTEx_SetNbDataToProcess
                0x0000000008009cec       0x9c ./Drivers/STM32H7xx_HAL_Driver/Src/stm32h7xx_hal_uart_ex.o
 .text.__libc_init_array
                0x0000000008009d88       0x48 c:/st/stm32cubeide_1.9.0/stm32cubeide/plugins/com.st.stm32cube.ide.mcu.externaltools.gnu-tools-for-stm32.10.3-2021.10.win32_1.0.0.202111181127/tools/bin/../lib/gcc/arm-none-eabi/10.3.1/../../../../arm-none-eabi/lib/thumb/v7e-m+dp/hard\libc_nano.a(lib_a-init.o)
                0x0000000008009d88                __libc_init_array
 .text.memset   0x0000000008009dd0       0x10 c:/st/stm32cubeide_1.9.0/stm32cubeide/plugins/com.st.stm32cube.ide.mcu.externaltools.gnu-tools-for-stm32.10.3-2021.10.win32_1.0.0.202111181127/tools/bin/../lib/gcc/arm-none-eabi/10.3.1/../../../../arm-none-eabi/lib/thumb/v7e-m+dp/hard\libc_nano.a(lib_a-memset.o)
                0x0000000008009dd0                memset
 .text.strchr   0x0000000008009de0       0x1a c:/st/stm32cubeide_1.9.0/stm32cubeide/plugins/com.st.stm32cube.ide.mcu.externaltools.gnu-tools-for-stm32.10.3-2021.10.win32_1.0.0.202111181127/tools/bin/../lib/gcc/arm-none-eabi/10.3.1/../../../../arm-none-eabi/lib/thumb/v7e-m+dp/hard\libc_nano.a(lib_a-strchr.o)
                0x0000000008009de0                strchr
 .text.strcpy   0x0000000008009dfa       0x10 c:/st/stm32cubeide_1.9.0/stm32cubeide/plugins/com.st.stm32cube.ide.mcu.externaltools.gnu-tools-for-stm32.10.3-2021.10.win32_1.0.0.202111181127/tools/bin/../lib/gcc/arm-none-eabi/10.3.1/../../../../arm-none-eabi/lib/thumb/v7e-m+dp/hard\libc_nano.a(lib_a-strcpy.o)
                0x0000000008009dfa                strcpy
 .text.strncpy  0x0000000008009e0a       0x26 c:/st/stm32cubeide_1.9.0/stm32cubeide/plugins/com.st.stm32cube.ide.mcu.externaltools.gnu-tools-for-stm32.10.3-2021.10.win32_1.0.0.202111181127/tools/bin/../lib/gcc/arm-none-eabi/10.3.1/../../../../arm-none-eabi/lib/thumb/v7e-m+dp/hard\libc_nano.a(lib_a-strncpy.o)
                0x0000000008009e0a                strncpy
 *(.glue_7)
 .glue_7        0x0000000008009e30        0x0 linker stubs
 *(.glue_7t)
 .glue_7t       0x0000000008009e30        0x0 linker stubs
 *(.eh_frame)
 .eh_frame      0x0000000008009e30        0x0 c:/st/stm32cubeide_1.9.0/stm32cubeide/plugins/com.st.stm32cube.ide.mcu.externaltools.gnu-tools-for-stm32.10.3-2021.10.win32_1.0.0.202111181127/tools/bin/../lib/gcc/arm-none-eabi/10.3.1/thumb/v7e-m+dp/hard/crtbegin.o
 *(.init)
 .init          0x0000000008009e30        0x4 c:/st/stm32cubeide_1.9.0/stm32cubeide/plugins/com.st.stm32cube.ide.mcu.externaltools.gnu-tools-for-stm32.10.3-2021.10.win32_1.0.0.202111181127/tools/bin/../lib/gcc/arm-none-eabi/10.3.1/thumb/v7e-m+dp/hard/crti.o
                0x0000000008009e30                _init
 .init          0x0000000008009e34        0x8 c:/st/stm32cubeide_1.9.0/stm32cubeide/plugins/com.st.stm32cube.ide.mcu.externaltools.gnu-tools-for-stm32.10.3-2021.10.win32_1.0.0.202111181127/tools/bin/../lib/gcc/arm-none-eabi/10.3.1/thumb/v7e-m+dp/hard/crtn.o
 *(.fini)
 .fini          0x0000000008009e3c        0x4 c:/st/stm32cubeide_1.9.0/stm32cubeide/plugins/com.st.stm32cube.ide.mcu.externaltools.gnu-tools-for-stm32.10.3-2021.10.win32_1.0.0.202111181127/tools/bin/../lib/gcc/arm-none-eabi/10.3.1/thumb/v7e-m+dp/hard/crti.o
                0x0000000008009e3c                _fini
 .fini          0x0000000008009e40        0x8 c:/st/stm32cubeide_1.9.0/stm32cubeide/plugins/com.st.stm32cube.ide.mcu.externaltools.gnu-tools-for-stm32.10.3-2021.10.win32_1.0.0.202111181127/tools/bin/../lib/gcc/arm-none-eabi/10.3.1/thumb/v7e-m+dp/hard/crtn.o
                0x0000000008009e48                . = ALIGN (0x4)
                0x0000000008009e48                _etext = .

.vfp11_veneer   0x0000000008009e48        0x0
 .vfp11_veneer  0x0000000008009e48        0x0 linker stubs

.v4_bx          0x0000000008009e48        0x0
 .v4_bx         0x0000000008009e48        0x0 linker stubs

.iplt           0x0000000008009e48        0x0
 .iplt          0x0000000008009e48        0x0 c:/st/stm32cubeide_1.9.0/stm32cubeide/plugins/com.st.stm32cube.ide.mcu.externaltools.gnu-tools-for-stm32.10.3-2021.10.win32_1.0.0.202111181127/tools/bin/../lib/gcc/arm-none-eabi/10.3.1/thumb/v7e-m+dp/hard/crtbegin.o

.rodata         0x0000000008009e48       0x54
                0x0000000008009e48                . = ALIGN (0x4)
 *(.rodata)
 .rodata        0x0000000008009e48       0x11 ./Core/Src/main.o
 *(.rodata*)
 *fill*         0x0000000008009e59        0x3 
 .rodata.D1CorePrescTable
                0x0000000008009e5c       0x10 ./Core/Src/system_stm32h7xx.o
                0x0000000008009e5c                D1CorePrescTable
 .rodata.flagBitshiftOffset.0
                0x0000000008009e6c        0x8 ./Drivers/STM32H7xx_HAL_Driver/Src/stm32h7xx_hal_dma.o
 .rodata.UARTPrescTable
                0x0000000008009e74       0x18 ./Drivers/STM32H7xx_HAL_Driver/Src/stm32h7xx_hal_uart.o
                0x0000000008009e74                UARTPrescTable
 .rodata.numerator.1
                0x0000000008009e8c        0x8 ./Drivers/STM32H7xx_HAL_Driver/Src/stm32h7xx_hal_uart_ex.o
 .rodata.denominator.0
                0x0000000008009e94        0x8 ./Drivers/STM32H7xx_HAL_Driver/Src/stm32h7xx_hal_uart_ex.o
                0x0000000008009e9c                . = ALIGN (0x4)

.ARM.extab
 *(.ARM.extab* .gnu.linkonce.armextab.*)

.ARM            0x0000000008009e9c        0x8
                0x0000000008009e9c                __exidx_start = .
 *(.ARM.exidx*)
 .ARM.exidx     0x0000000008009e9c        0x8 c:/st/stm32cubeide_1.9.0/stm32cubeide/plugins/com.st.stm32cube.ide.mcu.externaltools.gnu-tools-for-stm32.10.3-2021.10.win32_1.0.0.202111181127/tools/bin/../lib/gcc/arm-none-eabi/10.3.1/thumb/v7e-m+dp/hard\libgcc.a(_udivmoddi4.o)
                0x0000000008009ea4                __exidx_end = .

.rel.dyn        0x0000000008009ea4        0x0
 .rel.iplt      0x0000000008009ea4        0x0 c:/st/stm32cubeide_1.9.0/stm32cubeide/plugins/com.st.stm32cube.ide.mcu.externaltools.gnu-tools-for-stm32.10.3-2021.10.win32_1.0.0.202111181127/tools/bin/../lib/gcc/arm-none-eabi/10.3.1/thumb/v7e-m+dp/hard/crtbegin.o

.preinit_array  0x0000000008009ea4        0x0
                0x0000000008009ea4                PROVIDE (__preinit_array_start = .)
 *(.preinit_array*)
                0x0000000008009ea4                PROVIDE (__preinit_array_end = .)

.init_array     0x0000000008009ea4        0x4
                0x0000000008009ea4                PROVIDE (__init_array_start = .)
 *(SORT_BY_NAME(.init_array.*))
 *(.init_array*)
 .init_array    0x0000000008009ea4        0x4 c:/st/stm32cubeide_1.9.0/stm32cubeide/plugins/com.st.stm32cube.ide.mcu.externaltools.gnu-tools-for-stm32.10.3-2021.10.win32_1.0.0.202111181127/tools/bin/../lib/gcc/arm-none-eabi/10.3.1/thumb/v7e-m+dp/hard/crtbegin.o
                0x0000000008009ea8                PROVIDE (__init_array_end = .)

.fini_array     0x0000000008009ea8        0x4
                [!provide]                        PROVIDE (__fini_array_start = .)
 *(SORT_BY_NAME(.fini_array.*))
 *(.fini_array*)
 .fini_array    0x0000000008009ea8        0x4 c:/st/stm32cubeide_1.9.0/stm32cubeide/plugins/com.st.stm32cube.ide.mcu.externaltools.gnu-tools-for-stm32.10.3-2021.10.win32_1.0.0.202111181127/tools/bin/../lib/gcc/arm-none-eabi/10.3.1/thumb/v7e-m+dp/hard/crtbegin.o
                [!provide]                        PROVIDE (__fini_array_end = .)
                0x0000000008009eac                _sidata = LOADADDR (.data)

.data           0x0000000024000000       0x14 load address 0x0000000008009eac
                0x0000000024000000                . = ALIGN (0x4)
                0x0000000024000000                _sdata = .
 *(.data)
 *(.data*)
 .data.motor_running
                0x0000000024000000        0x1 ./Core/Src/main.o
                0x0000000024000000                motor_running
 .data.motor_running1
                0x0000000024000001        0x1 ./Core/Src/main.o
                0x0000000024000001                motor_running1
 *fill*         0x0000000024000002        0x2 
 .data.SystemCoreClock
                0x0000000024000004        0x4 ./Core/Src/system_stm32h7xx.o
                0x0000000024000004                SystemCoreClock
 .data.SystemD2Clock
                0x0000000024000008        0x4 ./Core/Src/system_stm32h7xx.o
                0x0000000024000008                SystemD2Clock
 .data.uwTickPrio
                0x000000002400000c        0x4 ./Drivers/STM32H7xx_HAL_Driver/Src/stm32h7xx_hal.o
                0x000000002400000c                uwTickPrio
 .data.uwTickFreq
                0x0000000024000010        0x1 ./Drivers/STM32H7xx_HAL_Driver/Src/stm32h7xx_hal.o
                0x0000000024000010                uwTickFreq
 *(.RamFunc)
 *(.RamFunc*)
                0x0000000024000014                . = ALIGN (0x4)
 *fill*         0x0000000024000011        0x3 
                0x0000000024000014                _edata = .

.igot.plt       0x0000000024000014        0x0 load address 0x0000000008009ec0
 .igot.plt      0x0000000024000014        0x0 c:/st/stm32cubeide_1.9.0/stm32cubeide/plugins/com.st.stm32cube.ide.mcu.externaltools.gnu-tools-for-stm32.10.3-2021.10.win32_1.0.0.202111181127/tools/bin/../lib/gcc/arm-none-eabi/10.3.1/thumb/v7e-m+dp/hard/crtbegin.o
                0x0000000024000014                . = ALIGN (0x4)

.bss            0x0000000024000014      0x878 load address 0x0000000008009ec0
                0x0000000024000014                _sbss = .
                0x0000000024000014                __bss_start__ = _sbss
 *(.bss)
 .bss           0x0000000024000014       0x1c c:/st/stm32cubeide_1.9.0/stm32cubeide/plugins/com.st.stm32cube.ide.mcu.externaltools.gnu-tools-for-stm32.10.3-2021.10.win32_1.0.0.202111181127/tools/bin/../lib/gcc/arm-none-eabi/10.3.1/thumb/v7e-m+dp/hard/crtbegin.o
 *(.bss*)
 .bss.htim1     0x0000000024000030       0x4c ./Core/Src/main.o
                0x0000000024000030                htim1
 .bss.huart1    0x000000002400007c       0x90 ./Core/Src/main.o
                0x000000002400007c                huart1
 .bss.huart3    0x000000002400010c       0x90 ./Core/Src/main.o
                0x000000002400010c                huart3
 .bss.hdma_usart1_rx
                0x000000002400019c       0x78 ./Core/Src/main.o
                0x000000002400019c                hdma_usart1_rx
 .bss.hdma_usart1_tx
                0x0000000024000214       0x78 ./Core/Src/main.o
                0x0000000024000214                hdma_usart1_tx
 .bss.hdma_usart3_rx
                0x000000002400028c       0x78 ./Core/Src/main.o
                0x000000002400028c                hdma_usart3_rx
 .bss.hdma_usart3_tx
                0x0000000024000304       0x78 ./Core/Src/main.o
                0x0000000024000304                hdma_usart3_tx
 .bss.byte      0x000000002400037c        0x1 ./Core/Src/main.o
                0x000000002400037c                byte
 *fill*         0x000000002400037d        0x3 
 .bss.buffer    0x0000000024000380      0x100 ./Core/Src/main.o
                0x0000000024000380                buffer
 .bss.bufferIndex
                0x0000000024000480        0x2 ./Core/Src/main.o
                0x0000000024000480                bufferIndex
 .bss.bufferOverflowFlag
                0x0000000024000482        0x1 ./Core/Src/main.o
                0x0000000024000482                bufferOverflowFlag
 *fill*         0x0000000024000483        0x1 
 .bss.q1        0x0000000024000484      0x100 ./Core/Src/main.o
                0x0000000024000484                q1
 .bss.q2        0x0000000024000584      0x100 ./Core/Src/main.o
                0x0000000024000584                q2
 .bss.q3        0x0000000024000684      0x100 ./Core/Src/main.o
                0x0000000024000684                q3
 .bss.q4        0x0000000024000784      0x100 ./Core/Src/main.o
                0x0000000024000784                q4
 .bss.paso_actual_q1
                0x0000000024000884        0x4 ./Core/Src/main.o
                0x0000000024000884                paso_actual_q1
 .bss.uwTick    0x0000000024000888        0x4 ./Drivers/STM32H7xx_HAL_Driver/Src/stm32h7xx_hal.o
                0x0000000024000888                uwTick
 *(COMMON)
                0x000000002400088c                . = ALIGN (0x4)
                0x000000002400088c                _ebss = .
                0x000000002400088c                __bss_end__ = _ebss

._user_heap_stack
                0x000000002400088c      0x604 load address 0x0000000008009ec0
                0x0000000024000890                . = ALIGN (0x8)
 *fill*         0x000000002400088c        0x4 
                [!provide]                        PROVIDE (end = .)
                0x0000000024000890                PROVIDE (_end = .)
                0x0000000024000a90                . = (. + _Min_Heap_Size)
 *fill*         0x0000000024000890      0x200 
                0x0000000024000e90                . = (. + _Min_Stack_Size)
 *fill*         0x0000000024000a90      0x400 
                0x0000000024000e90                . = ALIGN (0x8)

/DISCARD/
 libc.a(*)
 libm.a(*)
 libgcc.a(*)

.ARM.attributes
                0x0000000000000000       0x2e
 *(.ARM.attributes)
 .ARM.attributes
                0x0000000000000000       0x1e c:/st/stm32cubeide_1.9.0/stm32cubeide/plugins/com.st.stm32cube.ide.mcu.externaltools.gnu-tools-for-stm32.10.3-2021.10.win32_1.0.0.202111181127/tools/bin/../lib/gcc/arm-none-eabi/10.3.1/thumb/v7e-m+dp/hard/crti.o
 .ARM.attributes
                0x000000000000001e       0x32 c:/st/stm32cubeide_1.9.0/stm32cubeide/plugins/com.st.stm32cube.ide.mcu.externaltools.gnu-tools-for-stm32.10.3-2021.10.win32_1.0.0.202111181127/tools/bin/../lib/gcc/arm-none-eabi/10.3.1/thumb/v7e-m+dp/hard/crtbegin.o
 .ARM.attributes
                0x0000000000000050       0x32 ./Core/Src/main.o
 .ARM.attributes
                0x0000000000000082       0x32 ./Core/Src/stm32h7xx_hal_msp.o
 .ARM.attributes
                0x00000000000000b4       0x32 ./Core/Src/stm32h7xx_it.o
 .ARM.attributes
                0x00000000000000e6       0x32 ./Core/Src/system_stm32h7xx.o
 .ARM.attributes
                0x0000000000000118       0x21 ./Core/Startup/startup_stm32h723vgtx.o
 .ARM.attributes
                0x0000000000000139       0x32 ./Drivers/STM32H7xx_HAL_Driver/Src/stm32h7xx_hal.o
 .ARM.attributes
                0x000000000000016b       0x32 ./Drivers/STM32H7xx_HAL_Driver/Src/stm32h7xx_hal_cortex.o
 .ARM.attributes
                0x000000000000019d       0x32 ./Drivers/STM32H7xx_HAL_Driver/Src/stm32h7xx_hal_dma.o
 .ARM.attributes
                0x00000000000001cf       0x32 ./Drivers/STM32H7xx_HAL_Driver/Src/stm32h7xx_hal_gpio.o
 .ARM.attributes
                0x0000000000000201       0x32 ./Drivers/STM32H7xx_HAL_Driver/Src/stm32h7xx_hal_pwr_ex.o
 .ARM.attributes
                0x0000000000000233       0x32 ./Drivers/STM32H7xx_HAL_Driver/Src/stm32h7xx_hal_rcc.o
 .ARM.attributes
                0x0000000000000265       0x32 ./Drivers/STM32H7xx_HAL_Driver/Src/stm32h7xx_hal_rcc_ex.o
 .ARM.attributes
                0x0000000000000297       0x32 ./Drivers/STM32H7xx_HAL_Driver/Src/stm32h7xx_hal_tim.o
 .ARM.attributes
                0x00000000000002c9       0x32 ./Drivers/STM32H7xx_HAL_Driver/Src/stm32h7xx_hal_tim_ex.o
 .ARM.attributes
                0x00000000000002fb       0x32 ./Drivers/STM32H7xx_HAL_Driver/Src/stm32h7xx_hal_uart.o
 .ARM.attributes
                0x000000000000032d       0x32 ./Drivers/STM32H7xx_HAL_Driver/Src/stm32h7xx_hal_uart_ex.o
 .ARM.attributes
                0x000000000000035f       0x32 c:/st/stm32cubeide_1.9.0/stm32cubeide/plugins/com.st.stm32cube.ide.mcu.externaltools.gnu-tools-for-stm32.10.3-2021.10.win32_1.0.0.202111181127/tools/bin/../lib/gcc/arm-none-eabi/10.3.1/../../../../arm-none-eabi/lib/thumb/v7e-m+dp/hard\libc_nano.a(lib_a-init.o)
 .ARM.attributes
                0x0000000000000391       0x32 c:/st/stm32cubeide_1.9.0/stm32cubeide/plugins/com.st.stm32cube.ide.mcu.externaltools.gnu-tools-for-stm32.10.3-2021.10.win32_1.0.0.202111181127/tools/bin/../lib/gcc/arm-none-eabi/10.3.1/../../../../arm-none-eabi/lib/thumb/v7e-m+dp/hard\libc_nano.a(lib_a-memset.o)
 .ARM.attributes
                0x00000000000003c3       0x32 c:/st/stm32cubeide_1.9.0/stm32cubeide/plugins/com.st.stm32cube.ide.mcu.externaltools.gnu-tools-for-stm32.10.3-2021.10.win32_1.0.0.202111181127/tools/bin/../lib/gcc/arm-none-eabi/10.3.1/../../../../arm-none-eabi/lib/thumb/v7e-m+dp/hard\libc_nano.a(lib_a-strchr.o)
 .ARM.attributes
                0x00000000000003f5       0x32 c:/st/stm32cubeide_1.9.0/stm32cubeide/plugins/com.st.stm32cube.ide.mcu.externaltools.gnu-tools-for-stm32.10.3-2021.10.win32_1.0.0.202111181127/tools/bin/../lib/gcc/arm-none-eabi/10.3.1/../../../../arm-none-eabi/lib/thumb/v7e-m+dp/hard\libc_nano.a(lib_a-strcpy.o)
 .ARM.attributes
                0x0000000000000427       0x17 c:/st/stm32cubeide_1.9.0/stm32cubeide/plugins/com.st.stm32cube.ide.mcu.externaltools.gnu-tools-for-stm32.10.3-2021.10.win32_1.0.0.202111181127/tools/bin/../lib/gcc/arm-none-eabi/10.3.1/../../../../arm-none-eabi/lib/thumb/v7e-m+dp/hard\libc_nano.a(lib_a-strlen.o)
 .ARM.attributes
                0x000000000000043e       0x32 c:/st/stm32cubeide_1.9.0/stm32cubeide/plugins/com.st.stm32cube.ide.mcu.externaltools.gnu-tools-for-stm32.10.3-2021.10.win32_1.0.0.202111181127/tools/bin/../lib/gcc/arm-none-eabi/10.3.1/../../../../arm-none-eabi/lib/thumb/v7e-m+dp/hard\libc_nano.a(lib_a-strncpy.o)
 .ARM.attributes
                0x0000000000000470       0x1e c:/st/stm32cubeide_1.9.0/stm32cubeide/plugins/com.st.stm32cube.ide.mcu.externaltools.gnu-tools-for-stm32.10.3-2021.10.win32_1.0.0.202111181127/tools/bin/../lib/gcc/arm-none-eabi/10.3.1/thumb/v7e-m+dp/hard\libgcc.a(_aeabi_uldivmod.o)
 .ARM.attributes
                0x000000000000048e       0x32 c:/st/stm32cubeide_1.9.0/stm32cubeide/plugins/com.st.stm32cube.ide.mcu.externaltools.gnu-tools-for-stm32.10.3-2021.10.win32_1.0.0.202111181127/tools/bin/../lib/gcc/arm-none-eabi/10.3.1/thumb/v7e-m+dp/hard\libgcc.a(_udivmoddi4.o)
 .ARM.attributes
                0x00000000000004c0       0x1e c:/st/stm32cubeide_1.9.0/stm32cubeide/plugins/com.st.stm32cube.ide.mcu.externaltools.gnu-tools-for-stm32.10.3-2021.10.win32_1.0.0.202111181127/tools/bin/../lib/gcc/arm-none-eabi/10.3.1/thumb/v7e-m+dp/hard\libgcc.a(_dvmd_tls.o)
 .ARM.attributes
                0x00000000000004de       0x1e c:/st/stm32cubeide_1.9.0/stm32cubeide/plugins/com.st.stm32cube.ide.mcu.externaltools.gnu-tools-for-stm32.10.3-2021.10.win32_1.0.0.202111181127/tools/bin/../lib/gcc/arm-none-eabi/10.3.1/thumb/v7e-m+dp/hard/crtn.o
OUTPUT(TTV1.elf elf32-littlearm)
LOAD linker stubs
LOAD c:/st/stm32cubeide_1.9.0/stm32cubeide/plugins/com.st.stm32cube.ide.mcu.externaltools.gnu-tools-for-stm32.10.3-2021.10.win32_1.0.0.202111181127/tools/bin/../lib/gcc/arm-none-eabi/10.3.1/../../../../arm-none-eabi/lib/thumb/v7e-m+dp/hard\libc.a
LOAD c:/st/stm32cubeide_1.9.0/stm32cubeide/plugins/com.st.stm32cube.ide.mcu.externaltools.gnu-tools-for-stm32.10.3-2021.10.win32_1.0.0.202111181127/tools/bin/../lib/gcc/arm-none-eabi/10.3.1/../../../../arm-none-eabi/lib/thumb/v7e-m+dp/hard\libm.a
LOAD c:/st/stm32cubeide_1.9.0/stm32cubeide/plugins/com.st.stm32cube.ide.mcu.externaltools.gnu-tools-for-stm32.10.3-2021.10.win32_1.0.0.202111181127/tools/bin/../lib/gcc/arm-none-eabi/10.3.1/thumb/v7e-m+dp/hard\libgcc.a

.debug_info     0x0000000000000000    0x165d3
 .debug_info    0x0000000000000000     0x228a ./Core/Src/main.o
 .debug_info    0x000000000000228a     0x1998 ./Core/Src/stm32h7xx_hal_msp.o
 .debug_info    0x0000000000003c22      0x91f ./Core/Src/stm32h7xx_it.o
 .debug_info    0x0000000000004541      0xb45 ./Core/Src/system_stm32h7xx.o
 .debug_info    0x0000000000005086       0x22 ./Core/Startup/startup_stm32h723vgtx.o
 .debug_info    0x00000000000050a8     0x1746 ./Drivers/STM32H7xx_HAL_Driver/Src/stm32h7xx_hal.o
 .debug_info    0x00000000000067ee     0x1161 ./Drivers/STM32H7xx_HAL_Driver/Src/stm32h7xx_hal_cortex.o
 .debug_info    0x000000000000794f      0xc06 ./Drivers/STM32H7xx_HAL_Driver/Src/stm32h7xx_hal_dma.o
 .debug_info    0x0000000000008555      0xd37 ./Drivers/STM32H7xx_HAL_Driver/Src/stm32h7xx_hal_gpio.o
 .debug_info    0x000000000000928c      0xe71 ./Drivers/STM32H7xx_HAL_Driver/Src/stm32h7xx_hal_pwr_ex.o
 .debug_info    0x000000000000a0fd      0xe4a ./Drivers/STM32H7xx_HAL_Driver/Src/stm32h7xx_hal_rcc.o
 .debug_info    0x000000000000af47     0x1299 ./Drivers/STM32H7xx_HAL_Driver/Src/stm32h7xx_hal_rcc_ex.o
 .debug_info    0x000000000000c1e0     0x2dd1 ./Drivers/STM32H7xx_HAL_Driver/Src/stm32h7xx_hal_tim.o
 .debug_info    0x000000000000efb1     0x19d5 ./Drivers/STM32H7xx_HAL_Driver/Src/stm32h7xx_hal_tim_ex.o
 .debug_info    0x0000000000010986     0x4c42 ./Drivers/STM32H7xx_HAL_Driver/Src/stm32h7xx_hal_uart.o
 .debug_info    0x00000000000155c8     0x100b ./Drivers/STM32H7xx_HAL_Driver/Src/stm32h7xx_hal_uart_ex.o

.debug_abbrev   0x0000000000000000     0x24cb
 .debug_abbrev  0x0000000000000000      0x366 ./Core/Src/main.o
 .debug_abbrev  0x0000000000000366      0x283 ./Core/Src/stm32h7xx_hal_msp.o
 .debug_abbrev  0x00000000000005e9      0x180 ./Core/Src/stm32h7xx_it.o
 .debug_abbrev  0x0000000000000769      0x136 ./Core/Src/system_stm32h7xx.o
 .debug_abbrev  0x000000000000089f       0x12 ./Core/Startup/startup_stm32h723vgtx.o
 .debug_abbrev  0x00000000000008b1      0x292 ./Drivers/STM32H7xx_HAL_Driver/Src/stm32h7xx_hal.o
 .debug_abbrev  0x0000000000000b43      0x329 ./Drivers/STM32H7xx_HAL_Driver/Src/stm32h7xx_hal_cortex.o
 .debug_abbrev  0x0000000000000e6c      0x239 ./Drivers/STM32H7xx_HAL_Driver/Src/stm32h7xx_hal_dma.o
 .debug_abbrev  0x00000000000010a5      0x1ec ./Drivers/STM32H7xx_HAL_Driver/Src/stm32h7xx_hal_gpio.o
 .debug_abbrev  0x0000000000001291      0x27e ./Drivers/STM32H7xx_HAL_Driver/Src/stm32h7xx_hal_pwr_ex.o
 .debug_abbrev  0x000000000000150f      0x2a7 ./Drivers/STM32H7xx_HAL_Driver/Src/stm32h7xx_hal_rcc.o
 .debug_abbrev  0x00000000000017b6      0x25c ./Drivers/STM32H7xx_HAL_Driver/Src/stm32h7xx_hal_rcc_ex.o
 .debug_abbrev  0x0000000000001a12      0x25d ./Drivers/STM32H7xx_HAL_Driver/Src/stm32h7xx_hal_tim.o
 .debug_abbrev  0x0000000000001c6f      0x27a ./Drivers/STM32H7xx_HAL_Driver/Src/stm32h7xx_hal_tim_ex.o
 .debug_abbrev  0x0000000000001ee9      0x325 ./Drivers/STM32H7xx_HAL_Driver/Src/stm32h7xx_hal_uart.o
 .debug_abbrev  0x000000000000220e      0x2bd ./Drivers/STM32H7xx_HAL_Driver/Src/stm32h7xx_hal_uart_ex.o

.debug_aranges  0x0000000000000000     0x10f0
 .debug_aranges
                0x0000000000000000       0xb8 ./Core/Src/main.o
 .debug_aranges
                0x00000000000000b8       0x48 ./Core/Src/stm32h7xx_hal_msp.o
 .debug_aranges
                0x0000000000000100       0x98 ./Core/Src/stm32h7xx_it.o
 .debug_aranges
                0x0000000000000198       0x28 ./Core/Src/system_stm32h7xx.o
 .debug_aranges
                0x00000000000001c0       0x28 ./Core/Startup/startup_stm32h723vgtx.o
 .debug_aranges
                0x00000000000001e8      0x1c8 ./Drivers/STM32H7xx_HAL_Driver/Src/stm32h7xx_hal.o
 .debug_aranges
                0x00000000000003b0      0x120 ./Drivers/STM32H7xx_HAL_Driver/Src/stm32h7xx_hal_cortex.o
 .debug_aranges
                0x00000000000004d0       0xa0 ./Drivers/STM32H7xx_HAL_Driver/Src/stm32h7xx_hal_dma.o
 .debug_aranges
                0x0000000000000570       0x58 ./Drivers/STM32H7xx_HAL_Driver/Src/stm32h7xx_hal_gpio.o
 .debug_aranges
                0x00000000000005c8      0x148 ./Drivers/STM32H7xx_HAL_Driver/Src/stm32h7xx_hal_pwr_ex.o
 .debug_aranges
                0x0000000000000710       0x88 ./Drivers/STM32H7xx_HAL_Driver/Src/stm32h7xx_hal_rcc.o
 .debug_aranges
                0x0000000000000798       0xf8 ./Drivers/STM32H7xx_HAL_Driver/Src/stm32h7xx_hal_rcc_ex.o
 .debug_aranges
                0x0000000000000890      0x3e0 ./Drivers/STM32H7xx_HAL_Driver/Src/stm32h7xx_hal_tim.o
 .debug_aranges
                0x0000000000000c70      0x198 ./Drivers/STM32H7xx_HAL_Driver/Src/stm32h7xx_hal_tim_ex.o
 .debug_aranges
                0x0000000000000e08      0x248 ./Drivers/STM32H7xx_HAL_Driver/Src/stm32h7xx_hal_uart.o
 .debug_aranges
                0x0000000000001050       0xa0 ./Drivers/STM32H7xx_HAL_Driver/Src/stm32h7xx_hal_uart_ex.o

.debug_ranges   0x0000000000000000     0x1028
 .debug_ranges  0x0000000000000000       0xa8 ./Core/Src/main.o
 .debug_ranges  0x00000000000000a8       0x38 ./Core/Src/stm32h7xx_hal_msp.o
 .debug_ranges  0x00000000000000e0       0x88 ./Core/Src/stm32h7xx_it.o
 .debug_ranges  0x0000000000000168       0x18 ./Core/Src/system_stm32h7xx.o
 .debug_ranges  0x0000000000000180       0x20 ./Core/Startup/startup_stm32h723vgtx.o
 .debug_ranges  0x00000000000001a0      0x1b8 ./Drivers/STM32H7xx_HAL_Driver/Src/stm32h7xx_hal.o
 .debug_ranges  0x0000000000000358      0x110 ./Drivers/STM32H7xx_HAL_Driver/Src/stm32h7xx_hal_cortex.o
 .debug_ranges  0x0000000000000468       0x90 ./Drivers/STM32H7xx_HAL_Driver/Src/stm32h7xx_hal_dma.o
 .debug_ranges  0x00000000000004f8       0x48 ./Drivers/STM32H7xx_HAL_Driver/Src/stm32h7xx_hal_gpio.o
 .debug_ranges  0x0000000000000540      0x138 ./Drivers/STM32H7xx_HAL_Driver/Src/stm32h7xx_hal_pwr_ex.o
 .debug_ranges  0x0000000000000678       0x78 ./Drivers/STM32H7xx_HAL_Driver/Src/stm32h7xx_hal_rcc.o
 .debug_ranges  0x00000000000006f0       0xe8 ./Drivers/STM32H7xx_HAL_Driver/Src/stm32h7xx_hal_rcc_ex.o
 .debug_ranges  0x00000000000007d8      0x3d0 ./Drivers/STM32H7xx_HAL_Driver/Src/stm32h7xx_hal_tim.o
 .debug_ranges  0x0000000000000ba8      0x188 ./Drivers/STM32H7xx_HAL_Driver/Src/stm32h7xx_hal_tim_ex.o
 .debug_ranges  0x0000000000000d30      0x268 ./Drivers/STM32H7xx_HAL_Driver/Src/stm32h7xx_hal_uart.o
 .debug_ranges  0x0000000000000f98       0x90 ./Drivers/STM32H7xx_HAL_Driver/Src/stm32h7xx_hal_uart_ex.o

.debug_macro    0x0000000000000000    0x32a3a
 .debug_macro   0x0000000000000000      0x40d ./Core/Src/main.o
 .debug_macro   0x000000000000040d      0xa90 ./Core/Src/main.o
 .debug_macro   0x0000000000000e9d      0x238 ./Core/Src/main.o
 .debug_macro   0x00000000000010d5       0x2e ./Core/Src/main.o
 .debug_macro   0x0000000000001103       0x3b ./Core/Src/main.o
 .debug_macro   0x000000000000113e       0x22 ./Core/Src/main.o
 .debug_macro   0x0000000000001160       0x8e ./Core/Src/main.o
 .debug_macro   0x00000000000011ee       0x51 ./Core/Src/main.o
 .debug_macro   0x000000000000123f      0x103 ./Core/Src/main.o
 .debug_macro   0x0000000000001342       0x6a ./Core/Src/main.o
 .debug_macro   0x00000000000013ac      0x1df ./Core/Src/main.o
 .debug_macro   0x000000000000158b       0x1c ./Core/Src/main.o
 .debug_macro   0x00000000000015a7       0x22 ./Core/Src/main.o
 .debug_macro   0x00000000000015c9       0xfb ./Core/Src/main.o
 .debug_macro   0x00000000000016c4     0x1305 ./Core/Src/main.o
 .debug_macro   0x00000000000029c9      0x11f ./Core/Src/main.o
 .debug_macro   0x0000000000002ae8       0x27 ./Core/Src/main.o
 .debug_macro   0x0000000000002b0f    0x211d1 ./Core/Src/main.o
 .debug_macro   0x0000000000023ce0       0x6d ./Core/Src/main.o
 .debug_macro   0x0000000000023d4d     0x3d0d ./Core/Src/main.o
 .debug_macro   0x0000000000027a5a      0x174 ./Core/Src/main.o
 .debug_macro   0x0000000000027bce       0x52 ./Core/Src/main.o
 .debug_macro   0x0000000000027c20       0x1d ./Core/Src/main.o
 .debug_macro   0x0000000000027c3d       0x3c ./Core/Src/main.o
 .debug_macro   0x0000000000027c79       0x34 ./Core/Src/main.o
 .debug_macro   0x0000000000027cad       0x16 ./Core/Src/main.o
 .debug_macro   0x0000000000027cc3       0x43 ./Core/Src/main.o
 .debug_macro   0x0000000000027d06       0x34 ./Core/Src/main.o
 .debug_macro   0x0000000000027d3a       0x10 ./Core/Src/main.o
 .debug_macro   0x0000000000027d4a       0x58 ./Core/Src/main.o
 .debug_macro   0x0000000000027da2       0x71 ./Core/Src/main.o
 .debug_macro   0x0000000000027e13       0x1c ./Core/Src/main.o
 .debug_macro   0x0000000000027e2f      0x12a ./Core/Src/main.o
 .debug_macro   0x0000000000027f59      0x341 ./Core/Src/main.o
 .debug_macro   0x000000000002829a      0x19b ./Core/Src/main.o
 .debug_macro   0x0000000000028435       0x5d ./Core/Src/main.o
 .debug_macro   0x0000000000028492     0x2462 ./Core/Src/main.o
 .debug_macro   0x000000000002a8f4     0x104f ./Core/Src/main.o
 .debug_macro   0x000000000002b943      0x14d ./Core/Src/main.o
 .debug_macro   0x000000000002ba90      0x114 ./Core/Src/main.o
 .debug_macro   0x000000000002bba4      0x3f8 ./Core/Src/main.o
 .debug_macro   0x000000000002bf9c       0xac ./Core/Src/main.o
 .debug_macro   0x000000000002c048      0x788 ./Core/Src/main.o
 .debug_macro   0x000000000002c7d0      0x228 ./Core/Src/main.o
 .debug_macro   0x000000000002c9f8       0x66 ./Core/Src/main.o
 .debug_macro   0x000000000002ca5e      0x3a6 ./Core/Src/main.o
 .debug_macro   0x000000000002ce04      0x3f9 ./Core/Src/main.o
 .debug_macro   0x000000000002d1fd      0x275 ./Core/Src/main.o
 .debug_macro   0x000000000002d472      0x3ca ./Core/Src/main.o
 .debug_macro   0x000000000002d83c      0x45c ./Core/Src/main.o
 .debug_macro   0x000000000002dc98       0x3c ./Core/Src/main.o
 .debug_macro   0x000000000002dcd4       0x4a ./Core/Src/main.o
 .debug_macro   0x000000000002dd1e      0x22c ./Core/Src/main.o
 .debug_macro   0x000000000002df4a       0x67 ./Core/Src/main.o
 .debug_macro   0x000000000002dfb1       0xa5 ./Core/Src/main.o
 .debug_macro   0x000000000002e056      0x1c4 ./Core/Src/main.o
 .debug_macro   0x000000000002e21a      0x22a ./Core/Src/main.o
 .debug_macro   0x000000000002e444       0x35 ./Core/Src/main.o
 .debug_macro   0x000000000002e479      0xb16 ./Core/Src/main.o
 .debug_macro   0x000000000002ef8f      0x29f ./Core/Src/main.o
 .debug_macro   0x000000000002f22e      0x67e ./Core/Src/main.o
 .debug_macro   0x000000000002f8ac       0xa6 ./Core/Src/main.o
 .debug_macro   0x000000000002f952      0x5e6 ./Core/Src/main.o
 .debug_macro   0x000000000002ff38       0x16 ./Core/Src/main.o
 .debug_macro   0x000000000002ff4e       0x35 ./Core/Src/main.o
 .debug_macro   0x000000000002ff83       0x16 ./Core/Src/main.o
 .debug_macro   0x000000000002ff99       0x29 ./Core/Src/main.o
 .debug_macro   0x000000000002ffc2       0x1c ./Core/Src/main.o
 .debug_macro   0x000000000002ffde       0x10 ./Core/Src/main.o
 .debug_macro   0x000000000002ffee       0x10 ./Core/Src/main.o
 .debug_macro   0x000000000002fffe       0x1c ./Core/Src/main.o
 .debug_macro   0x000000000003001a       0x52 ./Core/Src/main.o
 .debug_macro   0x000000000003006c       0x22 ./Core/Src/main.o
 .debug_macro   0x000000000003008e       0x10 ./Core/Src/main.o
 .debug_macro   0x000000000003009e       0x52 ./Core/Src/main.o
 .debug_macro   0x00000000000300f0       0xd5 ./Core/Src/main.o
 .debug_macro   0x00000000000301c5       0x1c ./Core/Src/main.o
 .debug_macro   0x00000000000301e1       0x3d ./Core/Src/main.o
 .debug_macro   0x000000000003021e       0x16 ./Core/Src/main.o
 .debug_macro   0x0000000000030234      0x145 ./Core/Src/main.o
 .debug_macro   0x0000000000030379       0x16 ./Core/Src/main.o
 .debug_macro   0x000000000003038f       0x20 ./Core/Src/main.o
 .debug_macro   0x00000000000303af      0x2b2 ./Core/Src/stm32h7xx_hal_msp.o
 .debug_macro   0x0000000000030661      0x2bc ./Core/Src/stm32h7xx_it.o
 .debug_macro   0x000000000003091d      0x2a8 ./Core/Src/system_stm32h7xx.o
 .debug_macro   0x0000000000030bc5      0x2d2 ./Drivers/STM32H7xx_HAL_Driver/Src/stm32h7xx_hal.o
 .debug_macro   0x0000000000030e97      0x2a8 ./Drivers/STM32H7xx_HAL_Driver/Src/stm32h7xx_hal_cortex.o
 .debug_macro   0x000000000003113f      0x2fb ./Drivers/STM32H7xx_HAL_Driver/Src/stm32h7xx_hal_dma.o
 .debug_macro   0x000000000003143a      0x2af ./Drivers/STM32H7xx_HAL_Driver/Src/stm32h7xx_hal_gpio.o
 .debug_macro   0x00000000000316e9      0x2e1 ./Drivers/STM32H7xx_HAL_Driver/Src/stm32h7xx_hal_pwr_ex.o
 .debug_macro   0x00000000000319ca      0x2cc ./Drivers/STM32H7xx_HAL_Driver/Src/stm32h7xx_hal_rcc.o
 .debug_macro   0x0000000000031c96      0x2c6 ./Drivers/STM32H7xx_HAL_Driver/Src/stm32h7xx_hal_rcc_ex.o
 .debug_macro   0x0000000000031f5c      0x2a9 ./Drivers/STM32H7xx_HAL_Driver/Src/stm32h7xx_hal_tim.o
 .debug_macro   0x0000000000032205      0x2ae ./Drivers/STM32H7xx_HAL_Driver/Src/stm32h7xx_hal_tim_ex.o
 .debug_macro   0x00000000000324b3      0x2d3 ./Drivers/STM32H7xx_HAL_Driver/Src/stm32h7xx_hal_uart.o
 .debug_macro   0x0000000000032786      0x2b4 ./Drivers/STM32H7xx_HAL_Driver/Src/stm32h7xx_hal_uart_ex.o

.debug_line     0x0000000000000000    0x165a4
 .debug_line    0x0000000000000000      0xfd1 ./Core/Src/main.o
 .debug_line    0x0000000000000fd1      0x9f3 ./Core/Src/stm32h7xx_hal_msp.o
 .debug_line    0x00000000000019c4      0x9b2 ./Core/Src/stm32h7xx_it.o
 .debug_line    0x0000000000002376      0x9eb ./Core/Src/system_stm32h7xx.o
 .debug_line    0x0000000000002d61       0x88 ./Core/Startup/startup_stm32h723vgtx.o
 .debug_line    0x0000000000002de9      0xe85 ./Drivers/STM32H7xx_HAL_Driver/Src/stm32h7xx_hal.o
 .debug_line    0x0000000000003c6e      0xdfa ./Drivers/STM32H7xx_HAL_Driver/Src/stm32h7xx_hal_cortex.o
 .debug_line    0x0000000000004a68     0x2746 ./Drivers/STM32H7xx_HAL_Driver/Src/stm32h7xx_hal_dma.o
 .debug_line    0x00000000000071ae      0xca3 ./Drivers/STM32H7xx_HAL_Driver/Src/stm32h7xx_hal_gpio.o
 .debug_line    0x0000000000007e51      0xe69 ./Drivers/STM32H7xx_HAL_Driver/Src/stm32h7xx_hal_pwr_ex.o
 .debug_line    0x0000000000008cba     0x12c9 ./Drivers/STM32H7xx_HAL_Driver/Src/stm32h7xx_hal_rcc.o
 .debug_line    0x0000000000009f83     0x1a42 ./Drivers/STM32H7xx_HAL_Driver/Src/stm32h7xx_hal_rcc_ex.o
 .debug_line    0x000000000000b9c5     0x3f4d ./Drivers/STM32H7xx_HAL_Driver/Src/stm32h7xx_hal_tim.o
 .debug_line    0x000000000000f912     0x1f02 ./Drivers/STM32H7xx_HAL_Driver/Src/stm32h7xx_hal_tim_ex.o
 .debug_line    0x0000000000011814     0x3ebe ./Drivers/STM32H7xx_HAL_Driver/Src/stm32h7xx_hal_uart.o
 .debug_line    0x00000000000156d2      0xed2 ./Drivers/STM32H7xx_HAL_Driver/Src/stm32h7xx_hal_uart_ex.o

.debug_str      0x0000000000000000   0x14c502
 .debug_str     0x0000000000000000   0x14790d ./Core/Src/main.o
                                     0x147f02 (size before relaxing)
 .debug_str     0x000000000014790d      0x3c7 ./Core/Src/stm32h7xx_hal_msp.o
                                     0x1469ab (size before relaxing)
 .debug_str     0x0000000000147cd4      0x1a2 ./Core/Src/stm32h7xx_it.o
                                     0x145905 (size before relaxing)
 .debug_str     0x0000000000147e76      0x2ae ./Core/Src/system_stm32h7xx.o
                                     0x145698 (size before relaxing)
 .debug_str     0x0000000000148124       0x36 ./Core/Startup/startup_stm32h723vgtx.o
                                         0x64 (size before relaxing)
 .debug_str     0x000000000014815a      0x9ae ./Drivers/STM32H7xx_HAL_Driver/Src/stm32h7xx_hal.o
                                     0x146722 (size before relaxing)
 .debug_str     0x0000000000148b08      0x333 ./Drivers/STM32H7xx_HAL_Driver/Src/stm32h7xx_hal_cortex.o
                                     0x146004 (size before relaxing)
 .debug_str     0x0000000000148e3b      0x8af ./Drivers/STM32H7xx_HAL_Driver/Src/stm32h7xx_hal_dma.o
                                     0x145e4d (size before relaxing)
 .debug_str     0x00000000001496ea       0xb3 ./Drivers/STM32H7xx_HAL_Driver/Src/stm32h7xx_hal_gpio.o
                                     0x1456e3 (size before relaxing)
 .debug_str     0x000000000014979d      0x5ee ./Drivers/STM32H7xx_HAL_Driver/Src/stm32h7xx_hal_pwr_ex.o
                                     0x145aeb (size before relaxing)
 .debug_str     0x0000000000149d8b      0x22e ./Drivers/STM32H7xx_HAL_Driver/Src/stm32h7xx_hal_rcc.o
                                     0x145a66 (size before relaxing)
 .debug_str     0x0000000000149fb9      0x64b ./Drivers/STM32H7xx_HAL_Driver/Src/stm32h7xx_hal_rcc_ex.o
                                     0x145f55 (size before relaxing)
 .debug_str     0x000000000014a604      0xdf9 ./Drivers/STM32H7xx_HAL_Driver/Src/stm32h7xx_hal_tim.o
                                     0x146854 (size before relaxing)
 .debug_str     0x000000000014b3fd      0x50c ./Drivers/STM32H7xx_HAL_Driver/Src/stm32h7xx_hal_tim_ex.o
                                     0x146211 (size before relaxing)
 .debug_str     0x000000000014b909      0x9ad ./Drivers/STM32H7xx_HAL_Driver/Src/stm32h7xx_hal_uart.o
                                     0x1465de (size before relaxing)
 .debug_str     0x000000000014c2b6      0x24c ./Drivers/STM32H7xx_HAL_Driver/Src/stm32h7xx_hal_uart_ex.o
                                     0x145b84 (size before relaxing)

.comment        0x0000000000000000       0x50
 .comment       0x0000000000000000       0x50 ./Core/Src/main.o
                                         0x51 (size before relaxing)
 .comment       0x0000000000000050       0x51 ./Core/Src/stm32h7xx_hal_msp.o
 .comment       0x0000000000000050       0x51 ./Core/Src/stm32h7xx_it.o
 .comment       0x0000000000000050       0x51 ./Core/Src/system_stm32h7xx.o
 .comment       0x0000000000000050       0x51 ./Drivers/STM32H7xx_HAL_Driver/Src/stm32h7xx_hal.o
 .comment       0x0000000000000050       0x51 ./Drivers/STM32H7xx_HAL_Driver/Src/stm32h7xx_hal_cortex.o
 .comment       0x0000000000000050       0x51 ./Drivers/STM32H7xx_HAL_Driver/Src/stm32h7xx_hal_dma.o
 .comment       0x0000000000000050       0x51 ./Drivers/STM32H7xx_HAL_Driver/Src/stm32h7xx_hal_gpio.o
 .comment       0x0000000000000050       0x51 ./Drivers/STM32H7xx_HAL_Driver/Src/stm32h7xx_hal_pwr_ex.o
 .comment       0x0000000000000050       0x51 ./Drivers/STM32H7xx_HAL_Driver/Src/stm32h7xx_hal_rcc.o
 .comment       0x0000000000000050       0x51 ./Drivers/STM32H7xx_HAL_Driver/Src/stm32h7xx_hal_rcc_ex.o
 .comment       0x0000000000000050       0x51 ./Drivers/STM32H7xx_HAL_Driver/Src/stm32h7xx_hal_tim.o
 .comment       0x0000000000000050       0x51 ./Drivers/STM32H7xx_HAL_Driver/Src/stm32h7xx_hal_tim_ex.o
 .comment       0x0000000000000050       0x51 ./Drivers/STM32H7xx_HAL_Driver/Src/stm32h7xx_hal_uart.o
 .comment       0x0000000000000050       0x51 ./Drivers/STM32H7xx_HAL_Driver/Src/stm32h7xx_hal_uart_ex.o

.debug_frame    0x0000000000000000     0x489c
 .debug_frame   0x0000000000000000      0x2b8 ./Core/Src/main.o
 .debug_frame   0x00000000000002b8       0xf8 ./Core/Src/stm32h7xx_hal_msp.o
 .debug_frame   0x00000000000003b0      0x1c8 ./Core/Src/stm32h7xx_it.o
 .debug_frame   0x0000000000000578       0x58 ./Core/Src/system_stm32h7xx.o
 .debug_frame   0x00000000000005d0      0x760 ./Drivers/STM32H7xx_HAL_Driver/Src/stm32h7xx_hal.o
 .debug_frame   0x0000000000000d30      0x4b8 ./Drivers/STM32H7xx_HAL_Driver/Src/stm32h7xx_hal_cortex.o
 .debug_frame   0x00000000000011e8      0x2b4 ./Drivers/STM32H7xx_HAL_Driver/Src/stm32h7xx_hal_dma.o
 .debug_frame   0x000000000000149c      0x14c ./Drivers/STM32H7xx_HAL_Driver/Src/stm32h7xx_hal_gpio.o
 .debug_frame   0x00000000000015e8      0x540 ./Drivers/STM32H7xx_HAL_Driver/Src/stm32h7xx_hal_pwr_ex.o
 .debug_frame   0x0000000000001b28      0x1fc ./Drivers/STM32H7xx_HAL_Driver/Src/stm32h7xx_hal_rcc.o
 .debug_frame   0x0000000000001d24      0x3f4 ./Drivers/STM32H7xx_HAL_Driver/Src/stm32h7xx_hal_rcc_ex.o
 .debug_frame   0x0000000000002118     0x121c ./Drivers/STM32H7xx_HAL_Driver/Src/stm32h7xx_hal_tim.o
 .debug_frame   0x0000000000003334      0x724 ./Drivers/STM32H7xx_HAL_Driver/Src/stm32h7xx_hal_tim_ex.o
 .debug_frame   0x0000000000003a58      0xa94 ./Drivers/STM32H7xx_HAL_Driver/Src/stm32h7xx_hal_uart.o
 .debug_frame   0x00000000000044ec      0x29c ./Drivers/STM32H7xx_HAL_Driver/Src/stm32h7xx_hal_uart_ex.o
 .debug_frame   0x0000000000004788       0x2c c:/st/stm32cubeide_1.9.0/stm32cubeide/plugins/com.st.stm32cube.ide.mcu.externaltools.gnu-tools-for-stm32.10.3-2021.10.win32_1.0.0.202111181127/tools/bin/../lib/gcc/arm-none-eabi/10.3.1/../../../../arm-none-eabi/lib/thumb/v7e-m+dp/hard\libc_nano.a(lib_a-init.o)
 .debug_frame   0x00000000000047b4       0x20 c:/st/stm32cubeide_1.9.0/stm32cubeide/plugins/com.st.stm32cube.ide.mcu.externaltools.gnu-tools-for-stm32.10.3-2021.10.win32_1.0.0.202111181127/tools/bin/../lib/gcc/arm-none-eabi/10.3.1/../../../../arm-none-eabi/lib/thumb/v7e-m+dp/hard\libc_nano.a(lib_a-memset.o)
 .debug_frame   0x00000000000047d4       0x20 c:/st/stm32cubeide_1.9.0/stm32cubeide/plugins/com.st.stm32cube.ide.mcu.externaltools.gnu-tools-for-stm32.10.3-2021.10.win32_1.0.0.202111181127/tools/bin/../lib/gcc/arm-none-eabi/10.3.1/../../../../arm-none-eabi/lib/thumb/v7e-m+dp/hard\libc_nano.a(lib_a-strchr.o)
 .debug_frame   0x00000000000047f4       0x20 c:/st/stm32cubeide_1.9.0/stm32cubeide/plugins/com.st.stm32cube.ide.mcu.externaltools.gnu-tools-for-stm32.10.3-2021.10.win32_1.0.0.202111181127/tools/bin/../lib/gcc/arm-none-eabi/10.3.1/../../../../arm-none-eabi/lib/thumb/v7e-m+dp/hard\libc_nano.a(lib_a-strcpy.o)
 .debug_frame   0x0000000000004814       0x28 c:/st/stm32cubeide_1.9.0/stm32cubeide/plugins/com.st.stm32cube.ide.mcu.externaltools.gnu-tools-for-stm32.10.3-2021.10.win32_1.0.0.202111181127/tools/bin/../lib/gcc/arm-none-eabi/10.3.1/../../../../arm-none-eabi/lib/thumb/v7e-m+dp/hard\libc_nano.a(lib_a-strncpy.o)
 .debug_frame   0x000000000000483c       0x2c c:/st/stm32cubeide_1.9.0/stm32cubeide/plugins/com.st.stm32cube.ide.mcu.externaltools.gnu-tools-for-stm32.10.3-2021.10.win32_1.0.0.202111181127/tools/bin/../lib/gcc/arm-none-eabi/10.3.1/thumb/v7e-m+dp/hard\libgcc.a(_aeabi_uldivmod.o)
 .debug_frame   0x0000000000004868       0x34 c:/st/stm32cubeide_1.9.0/stm32cubeide/plugins/com.st.stm32cube.ide.mcu.externaltools.gnu-tools-for-stm32.10.3-2021.10.win32_1.0.0.202111181127/tools/bin/../lib/gcc/arm-none-eabi/10.3.1/thumb/v7e-m+dp/hard\libgcc.a(_udivmoddi4.o)
