../Core/Src/main.c:84:10:radianes_a_valor	16	static
../Core/Src/main.c:92:10:milimetros_a_pasos	24	static
../Core/Src/main.c:104:6:HAL_GPIO_EXTI_Callback	16	static
../Core/Src/main.c:155:5:main	40	static
../Core/Src/main.c:228:6:SystemClock_Config	120	static
../Core/Src/main.c:279:13:MX_TIM1_Init	104	static
../Core/Src/main.c:353:13:MX_USART1_UART_Init	8	static
../Core/Src/main.c:401:13:MX_USART3_UART_Init	8	static
../Core/Src/main.c:447:13:MX_DMA_Init	16	static
../Core/Src/main.c:474:13:MX_GPIO_Init	48	static
../Core/Src/main.c:542:6:HAL_UART_RxCpltCallback	16	static
../Core/Src/main.c:628:6:A4988_Setup	8	static
../Core/Src/main.c:636:6:Home	8	static
../Core/Src/main.c:645:6:mover_motorq1	40	static
../Core/Src/main.c:682:6:motor_control	16	static
../Core/Src/main.c:707:6:motor_control1	16	static
../Core/Src/main.c:734:6:mover_motorq2_mm	40	static
../Core/Src/main.c:775:6:mover_motorq3_mm	40	static
../Core/Src/main.c:826:6:Error_Handler	4	static,ignoring_inline_asm
