../Core/Src/main.c:71:10:radianes_a_valor	16	static
../Core/Src/main.c:79:10:milimetros_a_pasos	24	static
../Core/Src/main.c:90:6:HAL_GPIO_EXTI_Callback	16	static
../Core/Src/main.c:131:5:main	88	static
../Core/Src/main.c:422:6:SystemClock_Config	120	static
../Core/Src/main.c:473:13:MX_TIM1_Init	104	static
../Core/Src/main.c:547:13:MX_USART1_UART_Init	8	static
../Core/Src/main.c:595:13:MX_USART3_UART_Init	8	static
../Core/Src/main.c:641:13:MX_DMA_Init	16	static
../Core/Src/main.c:668:13:MX_GPIO_Init	48	static
../Core/Src/main.c:736:6:HAL_UART_RxCpltCallback	16	static
../Core/Src/main.c:744:6:A4988_Setup	8	static
../Core/Src/main.c:752:6:Home	8	static
../Core/Src/main.c:762:6:mover_motorq1	40	static
../Core/Src/main.c:799:6:motor_control	16	static
../Core/Src/main.c:824:6:motor_control1	16	static
../Core/Src/main.c:851:6:mover_motorq2_mm	24	static
../Core/Src/main.c:869:6:mover_motorq3_mm	24	static
../Core/Src/main.c:893:6:Error_Handler	4	static,ignoring_inline_asm
