../Core/Src/main.c:77:5:main	16	static
../Core/Src/main.c:256:6:SystemClock_Config	120	static
../Core/Src/main.c:307:13:MX_TIM1_Init	104	static
../Core/Src/main.c:381:13:MX_USART1_UART_Init	8	static
../Core/Src/main.c:429:13:MX_USART3_UART_Init	8	static
../Core/Src/main.c:477:13:MX_GPIO_Init	48	static
../Core/Src/main.c:528:6:HAL_UART_RxCpltCallback	16	static
../Core/Src/main.c:590:6:Media	16	static
../Core/Src/main.c:640:6:Una	16	static
../Core/Src/main.c:696:6:Error_Handler	4	static,ignoring_inline_asm
