../Core/Src/main.c:66:10:angleToCCR	16	static
../Core/Src/main.c:77:10:generateRandomAngle	8	static
../Core/Src/main.c:82:10:radianes_a_valor	16	static
../Core/Src/main.c:121:5:main	40	static
../Core/Src/main.c:347:6:SystemClock_Config	120	static
../Core/Src/main.c:398:13:MX_TIM1_Init	104	static
../Core/Src/main.c:472:13:MX_USART1_UART_Init	8	static
../Core/Src/main.c:520:13:MX_USART3_UART_Init	8	static
../Core/Src/main.c:566:13:MX_DMA_Init	16	static
../Core/Src/main.c:593:13:MX_GPIO_Init	48	static
../Core/Src/main.c:647:6:HAL_UART_RxCpltCallback	88	static
../Core/Src/main.c:886:6:TIM1_Control	16	static
../Core/Src/main.c:893:6:StepperMotor1_Control	24	static
../Core/Src/main.c:904:6:StepperMotor2_Control	24	static
../Core/Src/main.c:915:6:StepperMotor3_Control	24	static
../Core/Src/main.c:927:6:StepperMotor1_Invert	24	static
../Core/Src/main.c:938:6:StepperMotor2_Invert	24	static
../Core/Src/main.c:950:6:StepperMotor3_Invert	24	static
../Core/Src/main.c:967:6:Error_Handler	4	static,ignoring_inline_asm
