../Core/Src/main.c:96:10:radianes_a_valor	16	static
../Core/Src/main.c:110:10:milimetros_a_pasos	24	static
../Core/Src/main.c:124:6:HAL_GPIO_EXTI_Callback	16	static
../Core/Src/main.c:175:5:main	16	static
../Core/Src/main.c:407:6:SystemClock_Config	120	static
../Core/Src/main.c:458:13:MX_TIM1_Init	104	static
../Core/Src/main.c:532:13:MX_USART1_UART_Init	8	static
../Core/Src/main.c:580:13:MX_USART3_UART_Init	8	static
../Core/Src/main.c:626:13:MX_DMA_Init	16	static
../Core/Src/main.c:653:13:MX_GPIO_Init	48	static
../Core/Src/main.c:721:6:HAL_UART_RxCpltCallback	16	static
../Core/Src/main.c:764:6:processBuffer	32	static
../Core/Src/main.c:818:6:A4988_Setup	8	static
../Core/Src/main.c:826:6:Home	8	static
../Core/Src/main.c:834:6:motor_control	16	static
../Core/Src/main.c:861:6:motor_control1	16	static
../Core/Src/main.c:888:6:mover_motorq1	40	static
../Core/Src/main.c:925:6:mover_motorq2_mm	32	static
../Core/Src/main.c:966:6:mover_motorq3_mm	40	static
../Core/Src/main.c:1017:6:Error_Handler	4	static,ignoring_inline_asm
