../Core/Src/main.c:96:10:radianes_a_valor	16	static
../Core/Src/main.c:110:10:milimetros_a_pasos	24	static
../Core/Src/main.c:124:6:HAL_GPIO_EXTI_Callback	16	static
../Core/Src/main.c:175:5:main	8	static
../Core/Src/main.c:406:6:SystemClock_Config	120	static
../Core/Src/main.c:457:13:MX_TIM1_Init	104	static
../Core/Src/main.c:531:13:MX_USART1_UART_Init	8	static
../Core/Src/main.c:579:13:MX_USART3_UART_Init	8	static
../Core/Src/main.c:625:13:MX_DMA_Init	16	static
../Core/Src/main.c:652:13:MX_GPIO_Init	48	static
../Core/Src/main.c:720:6:HAL_UART_RxCpltCallback	16	static
../Core/Src/main.c:763:6:processBuffer	32	static
../Core/Src/main.c:817:6:A4988_Setup	8	static
../Core/Src/main.c:825:6:Home	8	static
../Core/Src/main.c:833:6:motor_control	16	static
../Core/Src/main.c:860:6:motor_control1	16	static
../Core/Src/main.c:887:6:mover_motorq1	40	static
../Core/Src/main.c:924:6:mover_motorq2_mm	32	static
../Core/Src/main.c:965:6:mover_motorq3_mm	40	static
../Core/Src/main.c:1016:6:Error_Handler	4	static,ignoring_inline_asm
